Archive member included to satisfy reference by file (symbol)

c:/my work software/s32ds/build_tools/gcc_v6.3/gcc-6.3-arm32-eabi/bin/../lib/gcc/arm-none-eabi/6.3.1/thumb/v7e-m/fpv4-sp/hard\libgcc.a(_arm_addsubdf3.o)
                              ./Sources/oled.o (__aeabi_f2d)
c:/my work software/s32ds/build_tools/gcc_v6.3/gcc-6.3-arm32-eabi/bin/../lib/gcc/arm-none-eabi/6.3.1/thumb/v7e-m/fpv4-sp/hard\libgcc.a(_arm_cmpdf2.o)
                              ./Sources/oled.o (__aeabi_dcmpge)
C:/My Work Software/S32DS/build_tools/gcc_v6.3/gcc-6.3-arm32-eabi/arm-none-eabi/newlib/lib/thumb/v7e-m/fpv4-sp/hard\libc_nano.a(lib_a-exit.o)
                              C:/My Work Software/S32DS/build_tools/gcc_v6.3/gcc-6.3-arm32-eabi/arm-none-eabi/newlib/lib/thumb/v7e-m/fpv4-sp/hard/crt0.o (exit)
C:/My Work Software/S32DS/build_tools/gcc_v6.3/gcc-6.3-arm32-eabi/arm-none-eabi/newlib/lib/thumb/v7e-m/fpv4-sp/hard\libc_nano.a(lib_a-impure.o)
                              C:/My Work Software/S32DS/build_tools/gcc_v6.3/gcc-6.3-arm32-eabi/arm-none-eabi/newlib/lib/thumb/v7e-m/fpv4-sp/hard\libc_nano.a(lib_a-exit.o) (_global_impure_ptr)
C:/My Work Software/S32DS/build_tools/gcc_v6.3/gcc-6.3-arm32-eabi/arm-none-eabi/newlib/lib/thumb/v7e-m/fpv4-sp/hard\libc_nano.a(lib_a-init.o)
                              C:/My Work Software/S32DS/build_tools/gcc_v6.3/gcc-6.3-arm32-eabi/arm-none-eabi/newlib/lib/thumb/v7e-m/fpv4-sp/hard/crt0.o (__libc_init_array)
C:/My Work Software/S32DS/build_tools/gcc_v6.3/gcc-6.3-arm32-eabi/arm-none-eabi/newlib/lib/thumb/v7e-m/fpv4-sp/hard\libc_nano.a(lib_a-memset.o)
                              C:/My Work Software/S32DS/build_tools/gcc_v6.3/gcc-6.3-arm32-eabi/arm-none-eabi/newlib/lib/thumb/v7e-m/fpv4-sp/hard/crt0.o (memset)
C:/My Work Software/S32DS/build_tools/gcc_v6.3/gcc-6.3-arm32-eabi/arm-none-eabi/newlib/lib/thumb/v7e-m/fpv4-sp/hard\libc_nano.a(lib_a-nano-vfprintf_float.o)
                              (_printf_float)
C:/My Work Software/S32DS/build_tools/gcc_v6.3/gcc-6.3-arm32-eabi/arm-none-eabi/newlib/lib/thumb/v7e-m/fpv4-sp/hard\libc_nano.a(lib_a-nano-vfprintf_i.o)
                              C:/My Work Software/S32DS/build_tools/gcc_v6.3/gcc-6.3-arm32-eabi/arm-none-eabi/newlib/lib/thumb/v7e-m/fpv4-sp/hard\libc_nano.a(lib_a-nano-vfprintf_float.o) (_printf_common)
C:/My Work Software/S32DS/build_tools/gcc_v6.3/gcc-6.3-arm32-eabi/arm-none-eabi/newlib/lib/thumb/v7e-m/fpv4-sp/hard\libc_nano.a(lib_a-strlen.o)
                              ./Sources/uart.o (strlen)
C:/My Work Software/S32DS/build_tools/gcc_v6.3/gcc-6.3-arm32-eabi/arm-none-eabi/newlib/lib/thumb/v7e-m/fpv4-sp/hard\libc_nano.a(lib_a-vsprintf.o)
                              ./Sources/uart.o (vsprintf)
C:/My Work Software/S32DS/build_tools/gcc_v6.3/gcc-6.3-arm32-eabi/arm-none-eabi/newlib/lib/thumb/v7e-m/fpv4-sp/hard\libc_nano.a(lib_a-dtoa.o)
                              C:/My Work Software/S32DS/build_tools/gcc_v6.3/gcc-6.3-arm32-eabi/arm-none-eabi/newlib/lib/thumb/v7e-m/fpv4-sp/hard\libc_nano.a(lib_a-nano-vfprintf_float.o) (_dtoa_r)
C:/My Work Software/S32DS/build_tools/gcc_v6.3/gcc-6.3-arm32-eabi/arm-none-eabi/newlib/lib/thumb/v7e-m/fpv4-sp/hard\libc_nano.a(lib_a-localeconv.o)
                              C:/My Work Software/S32DS/build_tools/gcc_v6.3/gcc-6.3-arm32-eabi/arm-none-eabi/newlib/lib/thumb/v7e-m/fpv4-sp/hard\libc_nano.a(lib_a-nano-vfprintf_float.o) (_localeconv_r)
C:/My Work Software/S32DS/build_tools/gcc_v6.3/gcc-6.3-arm32-eabi/arm-none-eabi/newlib/lib/thumb/v7e-m/fpv4-sp/hard\libc_nano.a(lib_a-locale.o)
                              C:/My Work Software/S32DS/build_tools/gcc_v6.3/gcc-6.3-arm32-eabi/arm-none-eabi/newlib/lib/thumb/v7e-m/fpv4-sp/hard\libc_nano.a(lib_a-localeconv.o) (__global_locale)
C:/My Work Software/S32DS/build_tools/gcc_v6.3/gcc-6.3-arm32-eabi/arm-none-eabi/newlib/lib/thumb/v7e-m/fpv4-sp/hard\libc_nano.a(lib_a-malloc.o)
                              C:/My Work Software/S32DS/build_tools/gcc_v6.3/gcc-6.3-arm32-eabi/arm-none-eabi/newlib/lib/thumb/v7e-m/fpv4-sp/hard\libc_nano.a(lib_a-dtoa.o) (malloc)
C:/My Work Software/S32DS/build_tools/gcc_v6.3/gcc-6.3-arm32-eabi/arm-none-eabi/newlib/lib/thumb/v7e-m/fpv4-sp/hard\libc_nano.a(lib_a-mbtowc_r.o)
                              C:/My Work Software/S32DS/build_tools/gcc_v6.3/gcc-6.3-arm32-eabi/arm-none-eabi/newlib/lib/thumb/v7e-m/fpv4-sp/hard\libc_nano.a(lib_a-locale.o) (__ascii_mbtowc)
C:/My Work Software/S32DS/build_tools/gcc_v6.3/gcc-6.3-arm32-eabi/arm-none-eabi/newlib/lib/thumb/v7e-m/fpv4-sp/hard\libc_nano.a(lib_a-memchr.o)
                              C:/My Work Software/S32DS/build_tools/gcc_v6.3/gcc-6.3-arm32-eabi/arm-none-eabi/newlib/lib/thumb/v7e-m/fpv4-sp/hard\libc_nano.a(lib_a-nano-vfprintf_i.o) (memchr)
C:/My Work Software/S32DS/build_tools/gcc_v6.3/gcc-6.3-arm32-eabi/arm-none-eabi/newlib/lib/thumb/v7e-m/fpv4-sp/hard\libc_nano.a(lib_a-memcpy-stub.o)
[...]
Memory Configuration

Name             Origin             Length             Attributes
m_interrupts     0x00000000         0x00000400         xr
m_flash_config   0x00000400         0x00000010         xr
m_text           0x00000410         0x0017fbf0         xr
m_data           0x1ffe0000         0x00020000         rw
m_data_2         0x20000000         0x0001f000         rw
*default*        0x00000000         0xffffffff

Linker script and memory map

LOAD c:/my work software/s32ds/build_tools/gcc_v6.3/gcc-6.3-arm32-eabi/bin/../lib/gcc/arm-none-eabi/6.3.1/thumb/v7e-m/fpv4-sp/hard/crti.o
LOAD c:/my work software/s32ds/build_tools/gcc_v6.3/gcc-6.3-arm32-eabi/bin/../lib/gcc/arm-none-eabi/6.3.1/thumb/v7e-m/fpv4-sp/hard/crtbegin.o
LOAD C:/My Work Software/S32DS/build_tools/gcc_v6.3/gcc-6.3-arm32-eabi/arm-none-eabi/newlib/lib/thumb/v7e-m/fpv4-sp/hard/crt0.o
LOAD ./Generated_Code/Cpu.o
LOAD ./Generated_Code/clockMan1.o
LOAD ./Generated_Code/dmaController1.o
LOAD ./Generated_Code/i2c1.o
LOAD ./Generated_Code/lpuart1.o
LOAD ./Generated_Code/pin_mux.o
LOAD ./Project_Settings/Startup_Code/startup_S32K148.o
LOAD ./SDK/platform/devices/S32K148/startup/system_S32K148.o
LOAD ./SDK/platform/devices/startup.o
LOAD ./SDK/platform/drivers/src/clock/S32K1xx/clock_S32K1xx.o
LOAD ./SDK/platform/drivers/src/edma/edma_driver.o
LOAD ./SDK/platform/drivers/src/edma/edma_hw_access.o
LOAD ./SDK/platform/drivers/src/edma/edma_irq.o
LOAD ./SDK/platform/drivers/src/interrupt/interrupt_manager.o
LOAD ./SDK/platform/drivers/src/lpi2c/lpi2c_driver.o
LOAD ./SDK/platform/drivers/src/lpi2c/lpi2c_hw_access.o
LOAD ./SDK/platform/drivers/src/lpi2c/lpi2c_irq.o
LOAD ./SDK/platform/drivers/src/lpuart/lpuart_driver.o
LOAD ./SDK/platform/drivers/src/lpuart/lpuart_hw_access.o
LOAD ./SDK/platform/drivers/src/lpuart/lpuart_irq.o
LOAD ./SDK/platform/drivers/src/pins/pins_driver.o
LOAD ./SDK/platform/drivers/src/pins/pins_port_hw_access.o
LOAD ./SDK/platform/pal/src/i2c/i2c_pal.o
LOAD ./SDK/rtos/osif/osif_baremetal.o
LOAD ./Sources/delay.o
LOAD ./Sources/font.o
LOAD ./Sources/key.o
LOAD ./Sources/main.o
LOAD ./Sources/oled.o
LOAD ./Sources/uart.o
START GROUP
LOAD c:/my work software/s32ds/build_tools/gcc_v6.3/gcc-6.3-arm32-eabi/bin/../lib/gcc/arm-none-eabi/6.3.1/thumb/v7e-m/fpv4-sp/hard\libgcc.a
LOAD C:/My Work Software/S32DS/build_tools/gcc_v6.3/gcc-6.3-arm32-eabi/arm-none-eabi/newlib/lib/thumb/v7e-m/fpv4-sp/hard\libc_nano.a
END GROUP
START GROUP
LOAD c:/my work software/s32ds/build_tools/gcc_v6.3/gcc-6.3-arm32-eabi/bin/../lib/gcc/arm-none-eabi/6.3.1/thumb/v7e-m/fpv4-sp/hard\libgcc.a
LOAD C:/My Work Software/S32DS/build_tools/gcc_v6.3/gcc-6.3-arm32-eabi/arm-none-eabi/newlib/lib/thumb/v7e-m/fpv4-sp/hard\libc_nano.a
LOAD C:/My Work Software/S32DS/build_tools/gcc_v6.3/gcc-6.3-arm32-eabi/arm-none-eabi/newlib/lib/thumb/v7e-m/fpv4-sp/hard\libnosys.a
END GROUP
START GROUP
LOAD c:/my work software/s32ds/build_tools/gcc_v6.3/gcc-6.3-arm32-eabi/bin/../lib/gcc/arm-none-eabi/6.3.1/thumb/v7e-m/fpv4-sp/hard\libgcc.a
LOAD C:/My Work Software/S32DS/build_tools/gcc_v6.3/gcc-6.3-arm32-eabi/arm-none-eabi/newlib/lib/thumb/v7e-m/fpv4-sp/hard\libc_nano.a
LOAD C:/My Work Software/S32DS/build_tools/gcc_v6.3/gcc-6.3-arm32-eabi/arm-none-eabi/newlib/lib/thumb/v7e-m/fpv4-sp/hard\libnosys.a
END GROUP
LOAD c:/my work software/s32ds/build_tools/gcc_v6.3/gcc-6.3-arm32-eabi/bin/../lib/gcc/arm-none-eabi/6.3.1/thumb/v7e-m/fpv4-sp/hard/crtend.o
LOAD c:/my work software/s32ds/build_tools/gcc_v6.3/gcc-6.3-arm32-eabi/bin/../lib/gcc/arm-none-eabi/6.3.1/thumb/v7e-m/fpv4-sp/hard/crtn.o
                0x00000400                HEAP_SIZE = DEFINED (__heap_size__)?__heap_size__:0x400
                0x00000400                STACK_SIZE = DEFINED (__stack_size__)?__stack_size__:0x400
                0x00000400                M_VECTOR_RAM_SIZE = DEFINED (__flash_vector_table__)?0x0:0x400

.interrupts     0x00000000      0x400
                0x00000000                __VECTOR_TABLE = .
                0x00000000                __interrupts_start__ = .
                0x00000000                . = ALIGN (0x4)
 *(.isr_vector)
 .isr_vector    0x00000000      0x400 ./Project_Settings/Startup_Code/startup_S32K148.o
                0x00000000                __isr_vector
                0x00000400                __interrupts_end__ = .
                0x00000400                . = ALIGN (0x4)

.flash_config   0x00000400       0x10
                0x00000400                . = ALIGN (0x4)
 *(.FlashConfig)
 .FlashConfig   0x00000400       0x10 ./Project_Settings/Startup_Code/startup_S32K148.o
                0x00000410                . = ALIGN (0x4)

.text           0x00000410     0x7618
                0x00000410                . = ALIGN (0x4)
 *(.text)
 .text          0x00000410       0x4c ./Project_Settings/Startup_Code/startup_S32K148.o
                0x00000410                Reset_Handler
                0x00000458                FTM5_Ch2_Ch3_IRQHandler
                0x00000458                DebugMon_Handler
                0x00000458                CAN0_ORed_IRQHandler
                0x00000458                HardFault_Handler
                0x00000458                FTM7_Ch2_Ch3_IRQHandler
                0x00000458                Reserved103_IRQHandler
                0x00000458                FTM7_Ch6_Ch7_IRQHandler
                0x00000458                FTM2_Ovf_Reload_IRQHandler
                0x00000458                Reserved50_IRQHandler
                0x00000458                FTFC_Fault_IRQHandler
                0x00000458                FTM0_Ch6_Ch7_IRQHandler
                0x00000458                Reserved114_IRQHandler
                0x00000458                PendSV_Handler
                0x00000458                NMI_Handler
                0x00000458                ERM_double_fault_IRQHandler
                0x00000458                Reserved59_IRQHandler
                0x00000458                LPIT0_Ch0_IRQHandler
                0x00000458                Reserved99_IRQHandler
                0x00000458                FTM7_Ch4_Ch5_IRQHandler
                0x00000458                FTM3_Ch6_Ch7_IRQHandler
                0x00000458                CAN2_ORed_0_15_MB_IRQHandler
                0x00000458                LPIT0_Ch3_IRQHandler
                0x00000458                FTM0_Ch4_Ch5_IRQHandler
                0x00000458                CAN1_Error_IRQHandler
                0x00000458                FTM4_Ch6_Ch7_IRQHandler
                0x00000458                FTM3_Ch0_Ch1_IRQHandler
                0x00000458                SWI_IRQHandler
                0x00000458                ADC0_IRQHandler
                0x00000458                FTM2_Ch4_Ch5_IRQHandler
                0x00000458                UsageFault_Handler
                0x00000458                FTM0_Ovf_Reload_IRQHandler
                0x00000458                FTM4_Fault_IRQHandler
                0x00000458                DefaultISR
                0x00000458                Reserved58_IRQHandler
                0x00000458                FTM7_Fault_IRQHandler
                0x00000458                CAN1_ORed_0_15_MB_IRQHandler
                0x00000458                FTM1_Ch2_Ch3_IRQHandler
                0x00000458                Reserved82_IRQHandler
                0x00000458                CAN0_ORed_16_31_MB_IRQHandler
                0x00000458                PORTD_IRQHandler
                0x00000458                SAI1_Rx_IRQHandler
                0x00000458                Reserved69_IRQHandler
                0x00000458                PORTB_IRQHandler
                0x00000458                Reserved70_IRQHandler
                0x00000458                ADC1_IRQHandler
                0x00000458                FTM2_Ch2_Ch3_IRQHandler
                0x00000458                FTM5_Ch0_Ch1_IRQHandler
                0x00000458                Reserved53_IRQHandler
                0x00000458                RTC_IRQHandler
                0x00000458                PDB0_IRQHandler
                0x00000458                Reserved54_IRQHandler
                0x00000458                FTM6_Fault_IRQHandler
                0x00000458                FTM2_Ch6_Ch7_IRQHandler
                0x00000458                FTM6_Ch4_Ch5_IRQHandler
                0x00000458                FTM3_Ch2_Ch3_IRQHandler
                0x00000458                FTM6_Ch2_Ch3_IRQHandler
                0x00000458                FTM2_Ch0_Ch1_IRQHandler
                0x00000458                LPSPI1_IRQHandler
                0x00000458                LPUART1_RxTx_IRQHandler
                0x00000458                FTM4_Ovf_Reload_IRQHandler
                0x00000458                RTC_Seconds_IRQHandler
                0x00000458                FTM7_Ch0_Ch1_IRQHandler
                0x00000458                CAN2_ORed_IRQHandler
                0x00000458                Reserved110_IRQHandler
                0x00000458                Reserved107_IRQHandler
                0x00000458                ENET_TIMER_IRQHandler
                0x00000458                Read_Collision_IRQHandler
                0x00000458                CAN2_Error_IRQHandler
                0x00000458                FTFC_IRQHandler
                0x00000458                FTM1_Ch6_Ch7_IRQHandler
                0x00000458                FTM5_Fault_IRQHandler
                0x00000458                FTM6_Ovf_Reload_IRQHandler
                0x00000458                LPIT0_Ch1_IRQHandler
                0x00000458                FTM4_Ch0_Ch1_IRQHandler
                0x00000458                FTM1_Ch4_Ch5_IRQHandler
                0x00000458                FTM3_Ovf_Reload_IRQHandler
                0x00000458                SAI0_Tx_IRQHandler
                0x00000458                LPUART2_RxTx_IRQHandler
                0x00000458                FTM5_Ch4_Ch5_IRQHandler
                0x00000458                LPSPI0_IRQHandler
                0x00000458                WDOG_EWM_IRQHandler
                0x00000458                MemManage_Handler
                0x00000458                Reserved83_IRQHandler
                0x00000458                FTM0_Fault_IRQHandler
                0x00000458                FTM6_Ch6_Ch7_IRQHandler
                0x00000458                Reserved48_IRQHandler
                0x00000458                SVC_Handler
                0x00000458                ENET_TX_IRQHandler
                0x00000458                ERM_single_fault_IRQHandler
                0x00000458                FTM2_Fault_IRQHandler
                0x00000458                FTM0_Ch2_Ch3_IRQHandler
                0x00000458                FTM4_Ch2_Ch3_IRQHandler
                0x00000458                FTM0_Ch0_Ch1_IRQHandler
                0x00000458                FTM4_Ch4_Ch5_IRQHandler
                0x00000458                FTM5_Ovf_Reload_IRQHandler
                0x00000458                FTM3_Fault_IRQHandler
                0x00000458                RCM_IRQHandler
                0x00000458                Reserved100_IRQHandler
                0x00000458                CAN1_ORed_IRQHandler
                0x00000458                SAI0_Rx_IRQHandler
                0x00000458                SCG_IRQHandler
                0x00000458                PDB1_IRQHandler
                0x00000458                CAN2_ORed_16_31_MB_IRQHandler
                0x00000458                CAN0_Error_IRQHandler
                0x00000458                ENET_WAKE_IRQHandler
                0x00000458                FTM1_Fault_IRQHandler
                0x00000458                Reserved106_IRQHandler
                0x00000458                ENET_ERR_IRQHandler
                0x00000458                LVD_LVW_IRQHandler
                0x00000458                ENET_STOP_IRQHandler
                0x00000458                ENET_RX_IRQHandler
                0x00000458                LPIT0_Ch2_IRQHandler
                0x00000458                PORTA_IRQHandler
                0x00000458                FTM5_Ch6_Ch7_IRQHandler
                0x00000458                CAN1_ORed_16_31_MB_IRQHandler
                0x00000458                MCM_IRQHandler
                0x00000458                LPSPI2_IRQHandler
                0x00000458                FTM7_Ovf_Reload_IRQHandler
                0x00000458                FTM3_Ch4_Ch5_IRQHandler
                0x00000458                CAN0_ORed_0_15_MB_IRQHandler
                0x00000458                PORTE_IRQHandler
                0x00000458                LPUART0_RxTx_IRQHandler
                0x00000458                FTM6_Ch0_Ch1_IRQHandler
                0x00000458                LPTMR0_IRQHandler
                0x00000458                BusFault_Handler
                0x00000458                FTM1_Ovf_Reload_IRQHandler
                0x00000458                CAN0_Wake_Up_IRQHandler
                0x00000458                QSPI_IRQHandler
                0x00000458                CMP0_IRQHandler
                0x00000458                Reserved52_IRQHandler
                0x00000458                PORTC_IRQHandler
                0x00000458                FTM1_Ch0_Ch1_IRQHandler
                0x00000458                FLEXIO_IRQHandler
                0x00000458                SAI1_Tx_IRQHandler
                0x00000458                Reserved113_IRQHandler
 .text          0x0000045c      0x378 c:/my work software/s32ds/build_tools/gcc_v6.3/gcc-6.3-arm32-eabi/bin/../lib/gcc/arm-none-eabi/6.3.1/thumb/v7e-m/fpv4-sp/hard\libgcc.a(_arm_addsubdf3.o)
                0x0000045c                __aeabi_drsub
                0x00000464                __aeabi_dsub
                0x00000464                __subdf3
                0x00000468                __aeabi_dadd
                0x00000468                __adddf3
                0x000006e0                __floatunsidf
                0x000006e0                __aeabi_ui2d
                0x00000700                __floatsidf
                0x00000700                __aeabi_i2d
                0x00000724                __aeabi_f2d
                0x00000724                __extendsfdf2
                0x00000768                __floatundidf
                0x00000768                __aeabi_ul2d
                0x00000778                __floatdidf
                0x00000778                __aeabi_l2d
 .text          0x000007d4      0x110 c:/my work software/s32ds/build_tools/gcc_v6.3/gcc-6.3-arm32-eabi/bin/../lib/gcc/arm-none-eabi/6.3.1/thumb/v7e-m/fpv4-sp/hard\libgcc.a(_arm_cmpdf2.o)
                0x000007d4                __gtdf2
                0x000007d4                __gedf2
                0x000007dc                __ltdf2
                0x000007dc                __ledf2
                0x000007e4                __nedf2
                0x000007e4                __eqdf2
                0x000007e4                __cmpdf2
                0x00000860                __aeabi_cdrcmple
                0x00000870                __aeabi_cdcmpeq
                0x00000870                __aeabi_cdcmple
                0x00000880                __aeabi_dcmpeq
                0x00000894                __aeabi_dcmplt
                0x000008a8                __aeabi_dcmple
                0x000008bc                __aeabi_dcmpge
                0x000008d0                __aeabi_dcmpgt
 .text          0x000008e4       0x10 C:/My Work Software/S32DS/build_tools/gcc_v6.3/gcc-6.3-arm32-eabi/arm-none-eabi/newlib/lib/thumb/v7e-m/fpv4-sp/hard\libc_nano.a(lib_a-strlen.o)
                0x000008e4                strlen
 *fill*         0x000008f4        0xc 
 .text          0x00000900       0xa0 C:/My Work Software/S32DS/build_tools/gcc_v6.3/gcc-6.3-arm32-eabi/arm-none-eabi/newlib/lib/thumb/v7e-m/fpv4-sp/hard\libc_nano.a(lib_a-memchr.o)
                0x00000900                memchr
 .text          0x000009a0      0x424 c:/my work software/s32ds/build_tools/gcc_v6.3/gcc-6.3-arm32-eabi/bin/../lib/gcc/arm-none-eabi/6.3.1/thumb/v7e-m/fpv4-sp/hard\libgcc.a(_arm_muldivdf3.o)
                0x000009a0                __aeabi_dmul
                0x000009a0                __muldf3
                0x00000bf4                __divdf3
                0x00000bf4                __aeabi_ddiv
 .text          0x00000dc4       0x2c c:/my work software/s32ds/build_tools/gcc_v6.3/gcc-6.3-arm32-eabi/bin/../lib/gcc/arm-none-eabi/6.3.1/thumb/v7e-m/fpv4-sp/hard\libgcc.a(_arm_unorddf2.o)
                0x00000dc4                __unorddf2
                0x00000dc4                __aeabi_dcmpun
 .text          0x00000df0       0x50 c:/my work software/s32ds/build_tools/gcc_v6.3/gcc-6.3-arm32-eabi/bin/../lib/gcc/arm-none-eabi/6.3.1/thumb/v7e-m/fpv4-sp/hard\libgcc.a(_arm_fixdfsi.o)
                0x00000df0                __aeabi_d2iz
                0x00000df0                __fixdfsi
 *(.text*)
 .text.SystemInit
                0x00000e40       0x4c ./SDK/platform/devices/S32K148/startup/system_S32K148.o
                0x00000e40                SystemInit
 .text.init_data_bss
                0x00000e8c       0xd8 ./SDK/platform/devices/startup.o
                0x00000e8c                init_data_bss
 .text.CLOCK_SYS_GetCurrentRunMode
                0x00000f64       0x24 ./SDK/platform/drivers/src/clock/S32K1xx/clock_S32K1xx.o
 .text.CLOCK_SYS_GetSysOscFreq
                0x00000f88       0x1c ./SDK/platform/drivers/src/clock/S32K1xx/clock_S32K1xx.o
 .text.CLOCK_SYS_ConfigureSOSC
                0x00000fa4      0x12c ./SDK/platform/drivers/src/clock/S32K1xx/clock_S32K1xx.o
 .text.CLOCK_SYS_GetSircFreq
                0x000010d0       0x2c ./SDK/platform/drivers/src/clock/S32K1xx/clock_S32K1xx.o
 .text.CLOCK_SYS_ConfigureSIRC
                0x000010fc       0xc4 ./SDK/platform/drivers/src/clock/S32K1xx/clock_S32K1xx.o
 .text.CLOCK_SYS_GetFircFreq
                0x000011c0       0x20 ./SDK/platform/drivers/src/clock/S32K1xx/clock_S32K1xx.o
 .text.CLOCK_SYS_ConfigureFIRC
                0x000011e0       0xb4 ./SDK/platform/drivers/src/clock/S32K1xx/clock_S32K1xx.o
 .text.CLOCK_SYS_GetSysPllFreq
                0x00001294       0x44 ./SDK/platform/drivers/src/clock/S32K1xx/clock_S32K1xx.o
 .text.CLOCK_SYS_ConfigureSPLL
                0x000012d8      0x104 ./SDK/platform/drivers/src/clock/S32K1xx/clock_S32K1xx.o
 .text.CLOCK_SYS_SetSystemClockConfig
                0x000013dc      0x1e4 ./SDK/platform/drivers/src/clock/S32K1xx/clock_S32K1xx.o
 .text.CLOCK_SYS_TransitionSystemClock
                0x000015c0       0x3c ./SDK/platform/drivers/src/clock/S32K1xx/clock_S32K1xx.o
 .text.CLOCK_SYS_GetSystemClockFreq
                0x000015fc       0x78 ./SDK/platform/drivers/src/clock/S32K1xx/clock_S32K1xx.o
 .text.CLOCK_SYS_GetQspiIpgClk
                0x00001674       0x2c ./SDK/platform/drivers/src/clock/S32K1xx/clock_S32K1xx.o
 .text.CLOCK_SYS_GetScgClkOutFreq
                0x000016a0       0x44 ./SDK/platform/drivers/src/clock/S32K1xx/clock_S32K1xx.o
 .text.CLOCK_SYS_GetSysAsyncFreq
                0x000016e4       0xd4 ./SDK/platform/drivers/src/clock/S32K1xx/clock_S32K1xx.o
 .text.CLOCK_SYS_GetSimRtcClkFreq
                0x000017b8       0x50 ./SDK/platform/drivers/src/clock/S32K1xx/clock_S32K1xx.o
 .text.CLOCK_SYS_GetQSPIInternalReferenceClock
                0x00001808       0x38 ./SDK/platform/drivers/src/clock/S32K1xx/clock_S32K1xx.o
 .text.CLOCK_SYS_GetPeripheralClock
                0x00001840       0x78 ./SDK/platform/drivers/src/clock/S32K1xx/clock_S32K1xx.o
 .text.CLOCK_SYS_GetLpoFreq
                0x000018b8       0x44 ./SDK/platform/drivers/src/clock/S32K1xx/clock_S32K1xx.o
 .text.CLOCK_SYS_GetSimClkOutFreq
                0x000018fc       0xcc ./SDK/platform/drivers/src/clock/S32K1xx/clock_S32K1xx.o
 .text.CLOCK_DRV_Init
                0x000019c8      0x5b0 ./SDK/platform/drivers/src/clock/S32K1xx/clock_S32K1xx.o
                0x000019c8                CLOCK_DRV_Init
 .text.CLOCK_DRV_GetFreq
                0x00001f78      0x498 ./SDK/platform/drivers/src/clock/S32K1xx/clock_S32K1xx.o
                0x00001f78                CLOCK_DRV_GetFreq
 .text.CLOCK_SYS_Init
                0x00002410       0x1c ./SDK/platform/drivers/src/clock/S32K1xx/clock_S32K1xx.o
                0x00002410                CLOCK_SYS_Init
 .text.CLOCK_SYS_UpdateConfiguration
                0x0000242c       0xe8 ./SDK/platform/drivers/src/clock/S32K1xx/clock_S32K1xx.o
                0x0000242c                CLOCK_SYS_UpdateConfiguration
 .text.CLOCK_SYS_GetFreq
                0x00002514        0x8 ./SDK/platform/drivers/src/clock/S32K1xx/clock_S32K1xx.o
                0x00002514                CLOCK_SYS_GetFreq
 .text.EDMA_DRV_InstallCallback
                0x0000251c       0x20 ./SDK/platform/drivers/src/edma/edma_driver.o
                0x0000251c                EDMA_DRV_InstallCallback
 .text.EDMA_DRV_IRQHandler
                0x0000253c       0x2c ./SDK/platform/drivers/src/edma/edma_driver.o
                0x0000253c                EDMA_DRV_IRQHandler
 .text.EDMA_DRV_ErrorIRQHandler
                0x00002568       0x3c ./SDK/platform/drivers/src/edma/edma_driver.o
                0x00002568                EDMA_DRV_ErrorIRQHandler
 .text.EDMA_DRV_ConfigSingleBlockTransfer
                0x000025a4      0x148 ./SDK/platform/drivers/src/edma/edma_driver.o
                0x000025a4                EDMA_DRV_ConfigSingleBlockTransfer
 .text.EDMA_DRV_ConfigMultiBlockTransfer
                0x000026ec       0x64 ./SDK/platform/drivers/src/edma/edma_driver.o
                0x000026ec                EDMA_DRV_ConfigMultiBlockTransfer
 .text.EDMA_DRV_StartChannel
                0x00002750       0x18 ./SDK/platform/drivers/src/edma/edma_driver.o
                0x00002750                EDMA_DRV_StartChannel
 .text.EDMA_DRV_StopChannel
                0x00002768       0x18 ./SDK/platform/drivers/src/edma/edma_driver.o
                0x00002768                EDMA_DRV_StopChannel
 .text.EDMA_DRV_SetChannelRequestAndTrigger
                0x00002780       0x44 ./SDK/platform/drivers/src/edma/edma_driver.o
                0x00002780                EDMA_DRV_SetChannelRequestAndTrigger
 .text.EDMA_DRV_SetSrcAddr
                0x000027c4       0x14 ./SDK/platform/drivers/src/edma/edma_driver.o
                0x000027c4                EDMA_DRV_SetSrcAddr
 .text.EDMA_DRV_SetSrcLastAddrAdjustment
                0x000027d8       0x16 ./SDK/platform/drivers/src/edma/edma_driver.o
                0x000027d8                EDMA_DRV_SetSrcLastAddrAdjustment
 *fill*         0x000027ee        0x2 
 .text.EDMA_DRV_SetMajorLoopIterationCount
                0x000027f0       0x14 ./SDK/platform/drivers/src/edma/edma_driver.o
                0x000027f0                EDMA_DRV_SetMajorLoopIterationCount
 .text.EDMA_DRV_GetRemainingMajorIterationsCount
                0x00002804       0x14 ./SDK/platform/drivers/src/edma/edma_driver.o
                0x00002804                EDMA_DRV_GetRemainingMajorIterationsCount
 .text.EDMA_DRV_DisableRequestsOnTransferComplete
                0x00002818       0x38 ./SDK/platform/drivers/src/edma/edma_driver.o
                0x00002818                EDMA_DRV_DisableRequestsOnTransferComplete
 .text.EDMA_DRV_GetDmaRegBaseAddr
                0x00002850        0x8 ./SDK/platform/drivers/src/edma/edma_driver.o
                0x00002850                EDMA_DRV_GetDmaRegBaseAddr
 .text.EDMA_SetDmaRequestCmd
                0x00002858        0xa ./SDK/platform/drivers/src/edma/edma_hw_access.o
                0x00002858                EDMA_SetDmaRequestCmd
 .text.EDMA_TCDClearReg
                0x00002862       0x4a ./SDK/platform/drivers/src/edma/edma_hw_access.o
                0x00002862                EDMA_TCDClearReg
 .text.EDMA_TCDSetAttribute
                0x000028ac       0x30 ./SDK/platform/drivers/src/edma/edma_hw_access.o
                0x000028ac                EDMA_TCDSetAttribute
 .text.EDMA_TCDSetNbytes
                0x000028dc       0x5c ./SDK/platform/drivers/src/edma/edma_hw_access.o
                0x000028dc                EDMA_TCDSetNbytes
 .text.EDMA_TCDSetMajorCount
                0x00002938       0x5e ./SDK/platform/drivers/src/edma/edma_hw_access.o
                0x00002938                EDMA_TCDSetMajorCount
 .text.EDMA_TCDGetCurrentMajorCount
                0x00002996       0x2c ./SDK/platform/drivers/src/edma/edma_hw_access.o
                0x00002996                EDMA_TCDGetCurrentMajorCount
 .text.DMA0_IRQHandler
                0x000029c2        0xa ./SDK/platform/drivers/src/edma/edma_irq.o
                0x000029c2                DMA0_IRQHandler
 .text.DMA1_IRQHandler
                0x000029cc        0xa ./SDK/platform/drivers/src/edma/edma_irq.o
                0x000029cc                DMA1_IRQHandler
 .text.DMA2_IRQHandler
                0x000029d6        0xa ./SDK/platform/drivers/src/edma/edma_irq.o
                0x000029d6                DMA2_IRQHandler
 .text.DMA3_IRQHandler
                0x000029e0        0xa ./SDK/platform/drivers/src/edma/edma_irq.o
                0x000029e0                DMA3_IRQHandler
 .text.DMA4_IRQHandler
                0x000029ea        0xa ./SDK/platform/drivers/src/edma/edma_irq.o
                0x000029ea                DMA4_IRQHandler
 .text.DMA5_IRQHandler
                0x000029f4        0xa ./SDK/platform/drivers/src/edma/edma_irq.o
                0x000029f4                DMA5_IRQHandler
 .text.DMA6_IRQHandler
                0x000029fe        0xa ./SDK/platform/drivers/src/edma/edma_irq.o
                0x000029fe                DMA6_IRQHandler
 .text.DMA7_IRQHandler
                0x00002a08        0xa ./SDK/platform/drivers/src/edma/edma_irq.o
                0x00002a08                DMA7_IRQHandler
 .text.DMA8_IRQHandler
                0x00002a12        0xa ./SDK/platform/drivers/src/edma/edma_irq.o
                0x00002a12                DMA8_IRQHandler
 .text.DMA9_IRQHandler
                0x00002a1c        0xa ./SDK/platform/drivers/src/edma/edma_irq.o
                0x00002a1c                DMA9_IRQHandler
 .text.DMA10_IRQHandler
                0x00002a26        0xa ./SDK/platform/drivers/src/edma/edma_irq.o
                0x00002a26                DMA10_IRQHandler
 .text.DMA11_IRQHandler
                0x00002a30        0xa ./SDK/platform/drivers/src/edma/edma_irq.o
                0x00002a30                DMA11_IRQHandler
 .text.DMA12_IRQHandler
                0x00002a3a        0xa ./SDK/platform/drivers/src/edma/edma_irq.o
                0x00002a3a                DMA12_IRQHandler
 .text.DMA13_IRQHandler
                0x00002a44        0xa ./SDK/platform/drivers/src/edma/edma_irq.o
                0x00002a44                DMA13_IRQHandler
 .text.DMA14_IRQHandler
                0x00002a4e        0xa ./SDK/platform/drivers/src/edma/edma_irq.o
                0x00002a4e                DMA14_IRQHandler
 .text.DMA15_IRQHandler
                0x00002a58        0xa ./SDK/platform/drivers/src/edma/edma_irq.o
                0x00002a58                DMA15_IRQHandler
 .text.DMA_Error_IRQHandler
                0x00002a62       0x28 ./SDK/platform/drivers/src/edma/edma_irq.o
                0x00002a62                DMA_Error_IRQHandler
 *fill*         0x00002a8a        0x2 
 .text.INT_SYS_InstallHandler
                0x00002a8c       0x30 ./SDK/platform/drivers/src/interrupt/interrupt_manager.o
                0x00002a8c                INT_SYS_InstallHandler
 .text.INT_SYS_EnableIRQ
                0x00002abc       0x18 ./SDK/platform/drivers/src/interrupt/interrupt_manager.o
                0x00002abc                INT_SYS_EnableIRQ
 .text.INT_SYS_EnableIRQGlobal
                0x00002ad4       0x1c ./SDK/platform/drivers/src/interrupt/interrupt_manager.o
                0x00002ad4                INT_SYS_EnableIRQGlobal
 .text.INT_SYS_DisableIRQGlobal
                0x00002af0       0x10 ./SDK/platform/drivers/src/interrupt/interrupt_manager.o
                0x00002af0                INT_SYS_DisableIRQGlobal
 .text.LPI2C_DRV_MasterSendAddress
                0x00002b00       0xe6 ./SDK/platform/drivers/src/lpi2c/lpi2c_driver.o
 .text.LPI2C_DRV_MasterQueueData
                0x00002be6       0x4c ./SDK/platform/drivers/src/lpi2c/lpi2c_driver.o
 .text.LPI2C_DRV_SlaveEndTransfer
                0x00002c32       0x4e ./SDK/platform/drivers/src/lpi2c/lpi2c_driver.o
 .text.LPI2C_DRV_MasterEndTransfer
                0x00002c80       0x68 ./SDK/platform/drivers/src/lpi2c/lpi2c_driver.o
 .text.LPI2C_DRV_MasterCompleteDMATransfer
                0x00002ce8       0x90 ./SDK/platform/drivers/src/lpi2c/lpi2c_driver.o
 .text.LPI2C_DRV_SlaveEndTransferHandler
                0x00002d78       0x3a ./SDK/platform/drivers/src/lpi2c/lpi2c_driver.o
 *fill*         0x00002db2        0x2 
 .text.LPI2C_DRV_ConfigureDmaTransfer
                0x00002db4       0x68 ./SDK/platform/drivers/src/lpi2c/lpi2c_driver.o
 .text.LPI2C_DRV_MasterStartDmaTransfer
                0x00002e1c      0x108 ./SDK/platform/drivers/src/lpi2c/lpi2c_driver.o
 .text.LPI2C_DRV_SlaveStartDmaTransfer
                0x00002f24       0x9c ./SDK/platform/drivers/src/lpi2c/lpi2c_driver.o
 .text.LPI2C_DRV_MasterSetBaudRate
                0x00002fc0      0x140 ./SDK/platform/drivers/src/lpi2c/lpi2c_driver.o
                0x00002fc0                LPI2C_DRV_MasterSetBaudRate
 .text.LPI2C_DRV_MasterInit
                0x00003100       0xbc ./SDK/platform/drivers/src/lpi2c/lpi2c_driver.o
                0x00003100                LPI2C_DRV_MasterInit
 .text.LPI2C_DRV_MasterReinit
                0x000031bc       0x60 ./SDK/platform/drivers/src/lpi2c/lpi2c_driver.o
 .text.LPI2C_DRV_MasterWaitTransferEnd
                0x0000321c       0xcc ./SDK/platform/drivers/src/lpi2c/lpi2c_driver.o
 .text.LPI2C_DRV_MasterSendData
                0x000032e8       0x74 ./SDK/platform/drivers/src/lpi2c/lpi2c_driver.o
                0x000032e8                LPI2C_DRV_MasterSendData
 .text.LPI2C_DRV_MasterSendDataBlocking
                0x0000335c       0x4c ./SDK/platform/drivers/src/lpi2c/lpi2c_driver.o
                0x0000335c                LPI2C_DRV_MasterSendDataBlocking
 .text.LPI2C_DRV_MasterIRQHandler
                0x000033a8      0x234 ./SDK/platform/drivers/src/lpi2c/lpi2c_driver.o
                0x000033a8                LPI2C_DRV_MasterIRQHandler
 .text.LPI2C_DRV_SlaveIRQHandler
                0x000035dc      0x1bc ./SDK/platform/drivers/src/lpi2c/lpi2c_driver.o
                0x000035dc                LPI2C_DRV_SlaveIRQHandler
 .text.LPI2C_Init
                0x00003798       0x1e ./SDK/platform/drivers/src/lpi2c/lpi2c_hw_access.o
                0x00003798                LPI2C_Init
 .text.LPI2C0_Master_IRQHandler
                0x000037b6        0xa ./SDK/platform/drivers/src/lpi2c/lpi2c_irq.o
                0x000037b6                LPI2C0_Master_IRQHandler
 .text.LPI2C0_Slave_IRQHandler
                0x000037c0        0xa ./SDK/platform/drivers/src/lpi2c/lpi2c_irq.o
                0x000037c0                LPI2C0_Slave_IRQHandler
 .text.LPI2C1_Master_IRQHandler
                0x000037ca        0xa ./SDK/platform/drivers/src/lpi2c/lpi2c_irq.o
                0x000037ca                LPI2C1_Master_IRQHandler
 .text.LPI2C1_Slave_IRQHandler
                0x000037d4        0xa ./SDK/platform/drivers/src/lpi2c/lpi2c_irq.o
                0x000037d4                LPI2C1_Slave_IRQHandler
 *fill*         0x000037de        0x2 
 .text.LPUART_DRV_StartSendDataUsingInt
                0x000037e0       0x4c ./SDK/platform/drivers/src/lpuart/lpuart_driver.o
 .text.LPUART_DRV_StartSendDataUsingDma
                0x0000382c       0x80 ./SDK/platform/drivers/src/lpuart/lpuart_driver.o
 .text.LPUART_DRV_CompleteSendDataUsingInt
                0x000038ac       0x64 ./SDK/platform/drivers/src/lpuart/lpuart_driver.o
 .text.LPUART_DRV_StopTxDma
                0x00003910       0x64 ./SDK/platform/drivers/src/lpuart/lpuart_driver.o
 .text.LPUART_DRV_TxDmaCallback
                0x00003974       0x74 ./SDK/platform/drivers/src/lpuart/lpuart_driver.o
 .text.LPUART_DRV_PutData
                0x000039e8       0x44 ./SDK/platform/drivers/src/lpuart/lpuart_driver.o
 .text.LPUART_DRV_CompleteReceiveDataUsingInt
                0x00003a2c       0x64 ./SDK/platform/drivers/src/lpuart/lpuart_driver.o
 .text.LPUART_DRV_StopRxDma
                0x00003a90       0x64 ./SDK/platform/drivers/src/lpuart/lpuart_driver.o
 .text.LPUART_DRV_GetData
                0x00003af4       0x5c ./SDK/platform/drivers/src/lpuart/lpuart_driver.o
 .text.LPUART_DRV_SendData
                0x00003b50       0x24 ./SDK/platform/drivers/src/lpuart/lpuart_driver.o
                0x00003b50                LPUART_DRV_SendData
 .text.LPUART_DRV_GetTransmitStatus
                0x00003b74       0x38 ./SDK/platform/drivers/src/lpuart/lpuart_driver.o
                0x00003b74                LPUART_DRV_GetTransmitStatus
 .text.LPUART_DRV_SetBaudRate
                0x00003bac       0xd4 ./SDK/platform/drivers/src/lpuart/lpuart_driver.o
                0x00003bac                LPUART_DRV_SetBaudRate
 .text.LPUART_DRV_Init
                0x00003c80       0xe0 ./SDK/platform/drivers/src/lpuart/lpuart_driver.o
                0x00003c80                LPUART_DRV_Init
 .text.LPUART_DRV_IRQHandler
                0x00003d60      0x2a8 ./SDK/platform/drivers/src/lpuart/lpuart_driver.o
                0x00003d60                LPUART_DRV_IRQHandler
 .text.LPUART_Init
                0x00004008       0x24 ./SDK/platform/drivers/src/lpuart/lpuart_hw_access.o
                0x00004008                LPUART_Init
 .text.LPUART_SetBitCountPerChar
                0x0000402c       0x30 ./SDK/platform/drivers/src/lpuart/lpuart_hw_access.o
                0x0000402c                LPUART_SetBitCountPerChar
 .text.LPUART_SetParityMode
                0x0000405c       0x1e ./SDK/platform/drivers/src/lpuart/lpuart_hw_access.o
                0x0000405c                LPUART_SetParityMode
 .text.LPUART_Putchar9
                0x0000407a       0x16 ./SDK/platform/drivers/src/lpuart/lpuart_hw_access.o
                0x0000407a                LPUART_Putchar9
 .text.LPUART_Putchar10
                0x00004090       0x22 ./SDK/platform/drivers/src/lpuart/lpuart_hw_access.o
                0x00004090                LPUART_Putchar10
 .text.LPUART_Getchar9
                0x000040b2       0x12 ./SDK/platform/drivers/src/lpuart/lpuart_hw_access.o
                0x000040b2                LPUART_Getchar9
 .text.LPUART_Getchar10
                0x000040c4       0x1e ./SDK/platform/drivers/src/lpuart/lpuart_hw_access.o
                0x000040c4                LPUART_Getchar10
 .text.LPUART_SetIntMode
                0x000040e2       0x70 ./SDK/platform/drivers/src/lpuart/lpuart_hw_access.o
                0x000040e2                LPUART_SetIntMode
 .text.LPUART_GetIntMode
                0x00004152       0x4a ./SDK/platform/drivers/src/lpuart/lpuart_hw_access.o
                0x00004152                LPUART_GetIntMode
 .text.LPUART_GetStatusFlag
                0x0000419c       0x48 ./SDK/platform/drivers/src/lpuart/lpuart_hw_access.o
                0x0000419c                LPUART_GetStatusFlag
 .text.LPUART_SetErrorInterrupts
                0x000041e4       0x40 ./SDK/platform/drivers/src/lpuart/lpuart_hw_access.o
                0x000041e4                LPUART_SetErrorInterrupts
 .text.LPUART0_IrqHandler
                0x00004224        0xa ./SDK/platform/drivers/src/lpuart/lpuart_irq.o
                0x00004224                LPUART0_IrqHandler
 .text.LPUART1_IrqHandler
                0x0000422e        0xa ./SDK/platform/drivers/src/lpuart/lpuart_irq.o
                0x0000422e                LPUART1_IrqHandler
 .text.LPUART2_IrqHandler
                0x00004238        0xa ./SDK/platform/drivers/src/lpuart/lpuart_irq.o
                0x00004238                LPUART2_IrqHandler
 .text.PINS_DRV_Init
                0x00004242       0x20 ./SDK/platform/drivers/src/pins/pins_driver.o
                0x00004242                PINS_DRV_Init
 .text.PINS_DRV_ReadPins
                0x00004262        0x4 ./SDK/platform/drivers/src/pins/pins_driver.o
                0x00004262                PINS_DRV_ReadPins
 *fill*         0x00004266        0x2 
 .text.PINS_GetAdcInterleaveVal
                0x00004268       0x70 ./SDK/platform/drivers/src/pins/pins_port_hw_access.o
 .text.PINS_Init
                0x000042d8      0x114 ./SDK/platform/drivers/src/pins/pins_port_hw_access.o
                0x000042d8                PINS_Init
 .text.I2C_MasterInit
                0x000043ec       0x98 ./SDK/platform/pal/src/i2c/i2c_pal.o
                0x000043ec                I2C_MasterInit
 .text.I2C_MasterSendDataBlocking
                0x00004484       0x1a ./SDK/platform/pal/src/i2c/i2c_pal.o
                0x00004484                I2C_MasterSendDataBlocking
 *fill*         0x0000449e        0x2 
 .text.SysTick_Handler
                0x000044a0       0x10 ./SDK/rtos/osif/osif_baremetal.o
                0x000044a0                SysTick_Handler
 .text.OSIF_SemaWait
                0x000044b0       0x74 ./SDK/rtos/osif/osif_baremetal.o
                0x000044b0                OSIF_SemaWait
 .text.OSIF_SemaPost
                0x00004524       0x26 ./SDK/rtos/osif/osif_baremetal.o
                0x00004524                OSIF_SemaPost
 .text.OSIF_SemaCreate
                0x0000454a       0x14 ./SDK/rtos/osif/osif_baremetal.o
                0x0000454a                OSIF_SemaCreate
 *fill*         0x0000455e        0x2 
 .text.SysTick_Init
                0x00004560       0x14 ./Sources/delay.o
                0x00004560                SysTick_Init
 .text.delay_us
                0x00004574       0x34 ./Sources/delay.o
                0x00004574                delay_us
 .text.delay_ms
                0x000045a8       0x1c ./Sources/delay.o
                0x000045a8                delay_ms
 .text.delay_init
                0x000045c4       0x38 ./Sources/delay.o
                0x000045c4                delay_init
 .text.KEY_Proc
                0x000045fc       0xbc ./Sources/key.o
                0x000045fc                KEY_Proc
 .text.main     0x000046b8      0x100 ./Sources/main.o
                0x000046b8                main
 .text.I2c_Send_Byte
                0x000047b8       0x28 ./Sources/oled.o
                0x000047b8                I2c_Send_Byte
 .text.OLED_WrDat
                0x000047e0        0xc ./Sources/oled.o
                0x000047e0                OLED_WrDat
 .text.OLED_WrCmd
                0x000047ec        0xc ./Sources/oled.o
                0x000047ec                OLED_WrCmd
 .text.OLED_Set_Pos
                0x000047f8       0x24 ./Sources/oled.o
                0x000047f8                OLED_Set_Pos
 .text.OLED_Fill
                0x0000481c       0x38 ./Sources/oled.o
                0x0000481c                OLED_Fill
 .text.OLED_ShowCHinese
                0x00004854       0xa8 ./Sources/oled.o
                0x00004854                OLED_ShowCHinese
 .text.OLED_ShowChar
                0x000048fc       0xdc ./Sources/oled.o
                0x000048fc                OLED_ShowChar
 .text.OLED_ShowString
                0x000049d8       0x48 ./Sources/oled.o
                0x000049d8                OLED_ShowString
 .text.OLED_ShowStringCHN
                0x00004a20       0x2e ./Sources/oled.o
                0x00004a20                OLED_ShowStringCHN
 .text.LCD_clear_L
                0x00004a4e       0x3e ./Sources/oled.o
                0x00004a4e                LCD_clear_L
 .text.OLED_TITLE
                0x00004a8c       0x44 ./Sources/oled.o
                0x00004a8c                OLED_TITLE
 .text.oled_init
                0x00004ad0       0xc6 ./Sources/oled.o
                0x00004ad0                oled_init
 *fill*         0x00004b96        0x2 
 .text.u1_printf
                0x00004b98       0x44 ./Sources/uart.o
                0x00004b98                u1_printf
 .text.memset   0x00004bdc       0x10 C:/My Work Software/S32DS/build_tools/gcc_v6.3/gcc-6.3-arm32-eabi/arm-none-eabi/newlib/lib/thumb/v7e-m/fpv4-sp/hard\libc_nano.a(lib_a-memset.o)
                0x00004bdc                memset
 .text.__cvt    0x00004bec       0xc2 C:/My Work Software/S32DS/build_tools/gcc_v6.3/gcc-6.3-arm32-eabi/arm-none-eabi/newlib/lib/thumb/v7e-m/fpv4-sp/hard\libc_nano.a(lib_a-nano-vfprintf_float.o)
                0x00004bec                __cvt
 .text.__exponent
                0x00004cae       0x6a C:/My Work Software/S32DS/build_tools/gcc_v6.3/gcc-6.3-arm32-eabi/arm-none-eabi/newlib/lib/thumb/v7e-m/fpv4-sp/hard\libc_nano.a(lib_a-nano-vfprintf_float.o)
                0x00004cae                __exponent
 .text._printf_float
                0x00004d18      0x480 C:/My Work Software/S32DS/build_tools/gcc_v6.3/gcc-6.3-arm32-eabi/arm-none-eabi/newlib/lib/thumb/v7e-m/fpv4-sp/hard\libc_nano.a(lib_a-nano-vfprintf_float.o)
                0x00004d18                _printf_float
 .text._printf_common
                0x00005198       0xec C:/My Work Software/S32DS/build_tools/gcc_v6.3/gcc-6.3-arm32-eabi/arm-none-eabi/newlib/lib/thumb/v7e-m/fpv4-sp/hard\libc_nano.a(lib_a-nano-vfprintf_i.o)
                0x00005198                _printf_common
 .text._printf_i
                0x00005284      0x240 C:/My Work Software/S32DS/build_tools/gcc_v6.3/gcc-6.3-arm32-eabi/arm-none-eabi/newlib/lib/thumb/v7e-m/fpv4-sp/hard\libc_nano.a(lib_a-nano-vfprintf_i.o)
                0x00005284                _printf_i
 .text._vsprintf_r
                0x000054c4       0x30 C:/My Work Software/S32DS/build_tools/gcc_v6.3/gcc-6.3-arm32-eabi/arm-none-eabi/newlib/lib/thumb/v7e-m/fpv4-sp/hard\libc_nano.a(lib_a-vsprintf.o)
                0x000054c4                _vsprintf_r
                0x000054c4                _vsiprintf_r
 .text.vsprintf
                0x000054f4       0x14 C:/My Work Software/S32DS/build_tools/gcc_v6.3/gcc-6.3-arm32-eabi/arm-none-eabi/newlib/lib/thumb/v7e-m/fpv4-sp/hard\libc_nano.a(lib_a-vsprintf.o)
                0x000054f4                vsiprintf
                0x000054f4                vsprintf
 .text.quorem   0x00005508      0x118 C:/My Work Software/S32DS/build_tools/gcc_v6.3/gcc-6.3-arm32-eabi/arm-none-eabi/newlib/lib/thumb/v7e-m/fpv4-sp/hard\libc_nano.a(lib_a-dtoa.o)
 .text._dtoa_r  0x00005620      0xb9c C:/My Work Software/S32DS/build_tools/gcc_v6.3/gcc-6.3-arm32-eabi/arm-none-eabi/newlib/lib/thumb/v7e-m/fpv4-sp/hard\libc_nano.a(lib_a-dtoa.o)
                0x00005620                _dtoa_r
 .text._localeconv_r
                0x000061bc       0x1c C:/My Work Software/S32DS/build_tools/gcc_v6.3/gcc-6.3-arm32-eabi/arm-none-eabi/newlib/lib/thumb/v7e-m/fpv4-sp/hard\libc_nano.a(lib_a-localeconv.o)
                0x000061bc                _localeconv_r
 .text.malloc   0x000061d8       0x10 C:/My Work Software/S32DS/build_tools/gcc_v6.3/gcc-6.3-arm32-eabi/arm-none-eabi/newlib/lib/thumb/v7e-m/fpv4-sp/hard\libc_nano.a(lib_a-malloc.o)
                0x000061d8                malloc
 .text.__ascii_mbtowc
                0x000061e8       0x24 C:/My Work Software/S32DS/build_tools/gcc_v6.3/gcc-6.3-arm32-eabi/arm-none-eabi/newlib/lib/thumb/v7e-m/fpv4-sp/hard\libc_nano.a(lib_a-mbtowc_r.o)
                0x000061e8                __ascii_mbtowc
 .text.memcpy   0x0000620c       0x16 C:/My Work Software/S32DS/build_tools/gcc_v6.3/gcc-6.3-arm32-eabi/arm-none-eabi/newlib/lib/thumb/v7e-m/fpv4-sp/hard\libc_nano.a(lib_a-memcpy-stub.o)
                0x0000620c                memcpy
 .text._Balloc  0x00006222       0x68 C:/My Work Software/S32DS/build_tools/gcc_v6.3/gcc-6.3-arm32-eabi/arm-none-eabi/newlib/lib/thumb/v7e-m/fpv4-sp/hard\libc_nano.a(lib_a-mprec.o)
                0x00006222                _Balloc
 .text._Bfree   0x0000628a       0x2e C:/My Work Software/S32DS/build_tools/gcc_v6.3/gcc-6.3-arm32-eabi/arm-none-eabi/newlib/lib/thumb/v7e-m/fpv4-sp/hard\libc_nano.a(lib_a-mprec.o)
                0x0000628a                _Bfree
 .text.__multadd
                0x000062b8       0x76 C:/My Work Software/S32DS/build_tools/gcc_v6.3/gcc-6.3-arm32-eabi/arm-none-eabi/newlib/lib/thumb/v7e-m/fpv4-sp/hard\libc_nano.a(lib_a-mprec.o)
                0x000062b8                __multadd
 .text.__hi0bits
                0x0000632e       0x3e C:/My Work Software/S32DS/build_tools/gcc_v6.3/gcc-6.3-arm32-eabi/arm-none-eabi/newlib/lib/thumb/v7e-m/fpv4-sp/hard\libc_nano.a(lib_a-mprec.o)
                0x0000632e                __hi0bits
 .text.__lo0bits
                0x0000636c       0x5e C:/My Work Software/S32DS/build_tools/gcc_v6.3/gcc-6.3-arm32-eabi/arm-none-eabi/newlib/lib/thumb/v7e-m/fpv4-sp/hard\libc_nano.a(lib_a-mprec.o)
                0x0000636c                __lo0bits
 .text.__i2b    0x000063ca       0x12 C:/My Work Software/S32DS/build_tools/gcc_v6.3/gcc-6.3-arm32-eabi/arm-none-eabi/newlib/lib/thumb/v7e-m/fpv4-sp/hard\libc_nano.a(lib_a-mprec.o)
                0x000063ca                __i2b
 .text.__multiply
                0x000063dc      0x11a C:/My Work Software/S32DS/build_tools/gcc_v6.3/gcc-6.3-arm32-eabi/arm-none-eabi/newlib/lib/thumb/v7e-m/fpv4-sp/hard\libc_nano.a(lib_a-mprec.o)
                0x000063dc                __multiply
 *fill*         0x000064f6        0x2 
 .text.__pow5mult
                0x000064f8       0x9c C:/My Work Software/S32DS/build_tools/gcc_v6.3/gcc-6.3-arm32-eabi/arm-none-eabi/newlib/lib/thumb/v7e-m/fpv4-sp/hard\libc_nano.a(lib_a-mprec.o)
                0x000064f8                __pow5mult
 .text.__lshift
                0x00006594       0xa2 C:/My Work Software/S32DS/build_tools/gcc_v6.3/gcc-6.3-arm32-eabi/arm-none-eabi/newlib/lib/thumb/v7e-m/fpv4-sp/hard\libc_nano.a(lib_a-mprec.o)
                0x00006594                __lshift
 .text.__mcmp   0x00006636       0x34 C:/My Work Software/S32DS/build_tools/gcc_v6.3/gcc-6.3-arm32-eabi/arm-none-eabi/newlib/lib/thumb/v7e-m/fpv4-sp/hard\libc_nano.a(lib_a-mprec.o)
                0x00006636                __mcmp
 .text.__mdiff  0x0000666a       0xbc C:/My Work Software/S32DS/build_tools/gcc_v6.3/gcc-6.3-arm32-eabi/arm-none-eabi/newlib/lib/thumb/v7e-m/fpv4-sp/hard\libc_nano.a(lib_a-mprec.o)
                0x0000666a                __mdiff
 .text.__d2b    0x00006726       0x9e C:/My Work Software/S32DS/build_tools/gcc_v6.3/gcc-6.3-arm32-eabi/arm-none-eabi/newlib/lib/thumb/v7e-m/fpv4-sp/hard\libc_nano.a(lib_a-mprec.o)
                0x00006726                __d2b
 .text._calloc_r
                0x000067c4       0x1c C:/My Work Software/S32DS/build_tools/gcc_v6.3/gcc-6.3-arm32-eabi/arm-none-eabi/newlib/lib/thumb/v7e-m/fpv4-sp/hard\libc_nano.a(lib_a-nano-callocr.o)
                0x000067c4                _calloc_r
 .text._free_r  0x000067e0       0x9c C:/My Work Software/S32DS/build_tools/gcc_v6.3/gcc-6.3-arm32-eabi/arm-none-eabi/newlib/lib/thumb/v7e-m/fpv4-sp/hard\libc_nano.a(lib_a-nano-freer.o)
                0x000067e0                _free_r
 .text._malloc_r
                0x0000687c       0xbc C:/My Work Software/S32DS/build_tools/gcc_v6.3/gcc-6.3-arm32-eabi/arm-none-eabi/newlib/lib/thumb/v7e-m/fpv4-sp/hard\libc_nano.a(lib_a-nano-mallocr.o)
                0x0000687c                _malloc_r
 .text.__ssputs_r
                0x00006938       0xb6 C:/My Work Software/S32DS/build_tools/gcc_v6.3/gcc-6.3-arm32-eabi/arm-none-eabi/newlib/lib/thumb/v7e-m/fpv4-sp/hard\libc_nano.a(lib_a-nano-svfprintf.o)
                0x00006938                __ssputs_r
 *fill*         0x000069ee        0x2 
 .text._svfprintf_r
                0x000069f0      0x1e8 C:/My Work Software/S32DS/build_tools/gcc_v6.3/gcc-6.3-arm32-eabi/arm-none-eabi/newlib/lib/thumb/v7e-m/fpv4-sp/hard\libc_nano.a(lib_a-nano-svfprintf.o)
                0x000069f0                _svfiprintf_r
                0x000069f0                _svfprintf_r
 .text._sbrk_r  0x00006bd8       0x20 C:/My Work Software/S32DS/build_tools/gcc_v6.3/gcc-6.3-arm32-eabi/arm-none-eabi/newlib/lib/thumb/v7e-m/fpv4-sp/hard\libc_nano.a(lib_a-sbrkr.o)
                0x00006bd8                _sbrk_r
 .text.__ascii_wctomb
                0x00006bf8       0x1a C:/My Work Software/S32DS/build_tools/gcc_v6.3/gcc-6.3-arm32-eabi/arm-none-eabi/newlib/lib/thumb/v7e-m/fpv4-sp/hard\libc_nano.a(lib_a-wctomb_r.o)
                0x00006bf8                __ascii_wctomb
 .text.memmove  0x00006c12       0x34 C:/My Work Software/S32DS/build_tools/gcc_v6.3/gcc-6.3-arm32-eabi/arm-none-eabi/newlib/lib/thumb/v7e-m/fpv4-sp/hard\libc_nano.a(lib_a-memmove.o)
                0x00006c12                memmove
 .text.__malloc_lock
                0x00006c46        0x2 C:/My Work Software/S32DS/build_tools/gcc_v6.3/gcc-6.3-arm32-eabi/arm-none-eabi/newlib/lib/thumb/v7e-m/fpv4-sp/hard\libc_nano.a(lib_a-mlock.o)
                0x00006c46                __malloc_lock
 .text.__malloc_unlock
                0x00006c48        0x2 C:/My Work Software/S32DS/build_tools/gcc_v6.3/gcc-6.3-arm32-eabi/arm-none-eabi/newlib/lib/thumb/v7e-m/fpv4-sp/hard\libc_nano.a(lib_a-mlock.o)
                0x00006c48                __malloc_unlock
 .text._realloc_r
                0x00006c4a       0x4c C:/My Work Software/S32DS/build_tools/gcc_v6.3/gcc-6.3-arm32-eabi/arm-none-eabi/newlib/lib/thumb/v7e-m/fpv4-sp/hard\libc_nano.a(lib_a-nano-reallocr.o)
                0x00006c4a                _realloc_r
 .text._malloc_usable_size_r
                0x00006c96       0x12 C:/My Work Software/S32DS/build_tools/gcc_v6.3/gcc-6.3-arm32-eabi/arm-none-eabi/newlib/lib/thumb/v7e-m/fpv4-sp/hard\libc_nano.a(lib_a-nano-msizer.o)
                0x00006c96                _malloc_usable_size_r
 .text._sbrk    0x00006ca8       0x1c C:/My Work Software/S32DS/build_tools/gcc_v6.3/gcc-6.3-arm32-eabi/arm-none-eabi/newlib/lib/thumb/v7e-m/fpv4-sp/hard\libnosys.a(sbrk.o)
                0x00006ca8                _sbrk
 *(.rodata)
 .rodata        0x00006cc4        0x4 ./Sources/oled.o
 *(.rodata*)
 .rodata.i2c1_MasterConfig0
                0x00006cc8       0x18 ./Generated_Code/i2c1.o
                0x00006cc8                i2c1_MasterConfig0
 .rodata.lpuart1_InitConfig0
                0x00006ce0        0xc ./Generated_Code/lpuart1.o
                0x00006ce0                lpuart1_InitConfig0
 .rodata.clockNameMappings
                0x00006cec       0xb8 ./SDK/platform/drivers/src/clock/S32K1xx/clock_S32K1xx.o
                0x00006cec                clockNameMappings
 .rodata.maxSysClksInHSRUN.7949
                0x00006da4       0x54 ./SDK/platform/drivers/src/clock/S32K1xx/clock_S32K1xx.o
 .rodata.maxSysClksInRUN.7948
                0x00006df8       0x54 ./SDK/platform/drivers/src/clock/S32K1xx/clock_S32K1xx.o
 .rodata.maxSysClksInVLPR.7947
                0x00006e4c       0x54 ./SDK/platform/drivers/src/clock/S32K1xx/clock_S32K1xx.o
 .rodata.peripheralFeaturesList
                0x00006ea0       0x5c ./SDK/platform/drivers/src/clock/S32K1xx/clock_S32K1xx.o
                0x00006ea0                peripheralFeaturesList
 .rodata.g_lpi2cBase
                0x00006efc        0x8 ./SDK/platform/drivers/src/lpi2c/lpi2c_driver.o
 .rodata.g_lpi2cClock
                0x00006f04        0x2 ./SDK/platform/drivers/src/lpi2c/lpi2c_driver.o
 *fill*         0x00006f06        0x2 
 .rodata.g_lpi2cDMASrc
                0x00006f08        0x4 ./SDK/platform/drivers/src/lpi2c/lpi2c_driver.o
 .rodata.g_lpi2cMasterIrqId
                0x00006f0c        0x4 ./SDK/platform/drivers/src/lpi2c/lpi2c_driver.o
 .rodata.s_lpuartBase
                0x00006f10        0xc ./SDK/platform/drivers/src/lpuart/lpuart_driver.o
 .rodata.s_lpuartClkNames
                0x00006f1c        0x3 ./SDK/platform/drivers/src/lpuart/lpuart_driver.o
 *fill*         0x00006f1f        0x1 
 .rodata.s_lpuartRxTxIrqId
                0x00006f20        0x6 ./SDK/platform/drivers/src/lpuart/lpuart_driver.o
 *fill*         0x00006f26        0x2 
 .rodata.F6x8   0x00006f28      0x228 ./Sources/font.o
                0x00006f28                F6x8
 .rodata.F8X16  0x00007150      0x5f0 ./Sources/font.o
                0x00007150                F8X16
 .rodata.main.str1.4
                0x00007740       0x80 ./Sources/main.o
 .rodata._printf_float.str1.1
                0x000077c0       0x12 C:/My Work Software/S32DS/build_tools/gcc_v6.3/gcc-6.3-arm32-eabi/arm-none-eabi/newlib/lib/thumb/v7e-m/fpv4-sp/hard\libc_nano.a(lib_a-nano-vfprintf_float.o)
 .rodata._printf_i.str1.1
                0x000077d2       0x22 C:/My Work Software/S32DS/build_tools/gcc_v6.3/gcc-6.3-arm32-eabi/arm-none-eabi/newlib/lib/thumb/v7e-m/fpv4-sp/hard\libc_nano.a(lib_a-nano-vfprintf_i.o)
 .rodata._dtoa_r.str1.1
                0x000077f4        0xd C:/My Work Software/S32DS/build_tools/gcc_v6.3/gcc-6.3-arm32-eabi/arm-none-eabi/newlib/lib/thumb/v7e-m/fpv4-sp/hard\libc_nano.a(lib_a-dtoa.o)
                                  0xf (size before relaxing)
 .rodata._setlocale_r.str1.1
                0x00007801        0x8 C:/My Work Software/S32DS/build_tools/gcc_v6.3/gcc-6.3-arm32-eabi/arm-none-eabi/newlib/lib/thumb/v7e-m/fpv4-sp/hard\libc_nano.a(lib_a-locale.o)
                                  0x9 (size before relaxing)
 .rodata.str1.1
                0x00007809        0x2 C:/My Work Software/S32DS/build_tools/gcc_v6.3/gcc-6.3-arm32-eabi/arm-none-eabi/newlib/lib/thumb/v7e-m/fpv4-sp/hard\libc_nano.a(lib_a-locale.o)
 *fill*         0x0000780b        0x5 
 .rodata.__mprec_bigtens
                0x00007810       0x28 C:/My Work Software/S32DS/build_tools/gcc_v6.3/gcc-6.3-arm32-eabi/arm-none-eabi/newlib/lib/thumb/v7e-m/fpv4-sp/hard\libc_nano.a(lib_a-mprec.o)
                0x00007810                __mprec_bigtens
 .rodata.__mprec_tens
                0x00007838       0xc8 C:/My Work Software/S32DS/build_tools/gcc_v6.3/gcc-6.3-arm32-eabi/arm-none-eabi/newlib/lib/thumb/v7e-m/fpv4-sp/hard\libc_nano.a(lib_a-mprec.o)
                0x00007838                __mprec_tens
 .rodata.p05.7302
                0x00007900        0xc C:/My Work Software/S32DS/build_tools/gcc_v6.3/gcc-6.3-arm32-eabi/arm-none-eabi/newlib/lib/thumb/v7e-m/fpv4-sp/hard\libc_nano.a(lib_a-mprec.o)
 .rodata._svfprintf_r.str1.1
                0x0000790c       0x11 C:/My Work Software/S32DS/build_tools/gcc_v6.3/gcc-6.3-arm32-eabi/arm-none-eabi/newlib/lib/thumb/v7e-m/fpv4-sp/hard\libc_nano.a(lib_a-nano-svfprintf.o)
 .rodata._ctype_
                0x0000791d      0x101 C:/My Work Software/S32DS/build_tools/gcc_v6.3/gcc-6.3-arm32-eabi/arm-none-eabi/newlib/lib/thumb/v7e-m/fpv4-sp/hard\libc_nano.a(lib_a-ctype_.o)
                0x0000791d                _ctype_
 *(.init)
 *fill*         0x00007a1e        0x2 
 .init          0x00007a20        0x4 c:/my work software/s32ds/build_tools/gcc_v6.3/gcc-6.3-arm32-eabi/bin/../lib/gcc/arm-none-eabi/6.3.1/thumb/v7e-m/fpv4-sp/hard/crti.o
                0x00007a20                _init
 *(.fini)
 .fini          0x00007a24        0x4 c:/my work software/s32ds/build_tools/gcc_v6.3/gcc-6.3-arm32-eabi/bin/../lib/gcc/arm-none-eabi/6.3.1/thumb/v7e-m/fpv4-sp/hard/crti.o
                0x00007a24                _fini
 *(.eh_frame)
                0x00007a28                . = ALIGN (0x4)

.glue_7         0x00007a28        0x0
 .glue_7        0x00007a28        0x0 linker stubs

.glue_7t        0x00007a28        0x0
 .glue_7t       0x00007a28        0x0 linker stubs

.vfp11_veneer   0x00007a28        0x0
 .vfp11_veneer  0x00007a28        0x0 linker stubs

.v4_bx          0x00007a28        0x0
 .v4_bx         0x00007a28        0x0 linker stubs

.iplt           0x00007a28        0x0
 .iplt          0x00007a28        0x0 c:/my work software/s32ds/build_tools/gcc_v6.3/gcc-6.3-arm32-eabi/bin/../lib/gcc/arm-none-eabi/6.3.1/thumb/v7e-m/fpv4-sp/hard/crtbegin.o

.rel.dyn        0x00007a28        0x0
 .rel.iplt      0x00007a28        0x0 c:/my work software/s32ds/build_tools/gcc_v6.3/gcc-6.3-arm32-eabi/bin/../lib/gcc/arm-none-eabi/6.3.1/thumb/v7e-m/fpv4-sp/hard/crtbegin.o

.ARM            0x00007a28        0x0
                0x00007a28                __exidx_start = .
 *(.ARM.exidx*)
                0x00007a28                __exidx_end = .
                0x00007a28                __etext = .
                0x00007a28                __DATA_ROM = .

.interrupts_ram
                0x1ffe0000      0x400
                0x1ffe0000                . = ALIGN (0x4)
                0x1ffe0000                __VECTOR_RAM__ = .
                0x1ffe0000                __RAM_START = .
                0x1ffe0000                __interrupts_ram_start__ = .
 *(.m_interrupts_ram)
                0x1ffe0400                . = (. + M_VECTOR_RAM_SIZE)
 *fill*         0x1ffe0000      0x400 
                0x1ffe0400                . = ALIGN (0x4)
                0x1ffe0400                __interrupts_ram_end__ = .
                0x1ffe0000                __VECTOR_RAM = DEFINED (__flash_vector_table__)?ORIGIN (m_interrupts):__VECTOR_RAM__
                0x00000400                __RAM_VECTOR_TABLE_SIZE = DEFINED (__flash_vector_table__)?0x0:(__interrupts_ram_end__ - __interrupts_ram_start__)

.data           0x1ffe0400      0x744 load address 0x00007a28
                0x1ffe0400                . = ALIGN (0x4)
                0x1ffe0400                __DATA_RAM = .
                0x1ffe0400                __data_start__ = .
 *(.data)
 *(.data*)
 .data.clockMan1_InitConfig0
                0x1ffe0400       0x78 ./Generated_Code/clockMan1.o
                0x1ffe0400                clockMan1_InitConfig0
 .data.g_clockManConfigsArr
                0x1ffe0478        0x4 ./Generated_Code/clockMan1.o
                0x1ffe0478                g_clockManConfigsArr
 .data.peripheralClockConfig0
                0x1ffe047c       0x46 ./Generated_Code/clockMan1.o
                0x1ffe047c                peripheralClockConfig0
 *fill*         0x1ffe04c2        0x2 
 .data.i2c1_instance
                0x1ffe04c4        0x8 ./Generated_Code/i2c1.o
                0x1ffe04c4                i2c1_instance
 .data.g_pin_mux_InitConfigArr
                0x1ffe04cc      0x108 ./Generated_Code/pin_mux.o
                0x1ffe04cc                g_pin_mux_InitConfigArr
 .data.peripheralClockConfig.7678
                0x1ffe05d4       0xcd ./SDK/platform/drivers/src/clock/S32K1xx/clock_S32K1xx.o
 *fill*         0x1ffe06a1        0x3 
 .data.g_lpuartIsr
                0x1ffe06a4        0xc ./SDK/platform/drivers/src/lpuart/lpuart_irq.o
                0x1ffe06a4                g_lpuartIsr
 .data.Hzk      0x1ffe06b0      0x2c0 ./Sources/font.o
                0x1ffe06b0                Hzk
 .data.key_up.8789
                0x1ffe0970        0x1 ./Sources/key.o
 *fill*         0x1ffe0971        0x3 
 .data._impure_ptr
                0x1ffe0974        0x4 C:/My Work Software/S32DS/build_tools/gcc_v6.3/gcc-6.3-arm32-eabi/arm-none-eabi/newlib/lib/thumb/v7e-m/fpv4-sp/hard\libc_nano.a(lib_a-impure.o)
                0x1ffe0974                _impure_ptr
 .data.impure_data
                0x1ffe0978       0x60 C:/My Work Software/S32DS/build_tools/gcc_v6.3/gcc-6.3-arm32-eabi/arm-none-eabi/newlib/lib/thumb/v7e-m/fpv4-sp/hard\libc_nano.a(lib_a-impure.o)
 .data.__global_locale
                0x1ffe09d8      0x16c C:/My Work Software/S32DS/build_tools/gcc_v6.3/gcc-6.3-arm32-eabi/arm-none-eabi/newlib/lib/thumb/v7e-m/fpv4-sp/hard\libc_nano.a(lib_a-locale.o)
                0x1ffe09d8                __global_locale
                0x1ffe0b44                . = ALIGN (0x4)
                0x1ffe0b44                __data_end__ = .
                0x0000816c                __DATA_END = (__DATA_ROM + (__data_end__ - __data_start__))
                0x0000816c                __CODE_ROM = __DATA_END

.igot.plt       0x1ffe0b44        0x0 load address 0x0000816c
 .igot.plt      0x1ffe0b44        0x0 c:/my work software/s32ds/build_tools/gcc_v6.3/gcc-6.3-arm32-eabi/bin/../lib/gcc/arm-none-eabi/6.3.1/thumb/v7e-m/fpv4-sp/hard/crtbegin.o

.code           0x1ffe0b44        0x0 load address 0x0000816c
                0x1ffe0b44                . = ALIGN (0x4)
                0x1ffe0b44                __CODE_RAM = .
                0x1ffe0b44                __code_start__ = .
                0x1ffe0b44                __code_ram_start__ = .
 *(.code_ram)
                0x1ffe0b44                . = ALIGN (0x4)
                0x1ffe0b44                __code_end__ = .
                0x1ffe0b44                __code_ram_end__ = .
                0x0000816c                __CODE_END = (__CODE_ROM + (__code_end__ - __code_start__))
                0x0000816c                __CUSTOM_ROM = __CODE_END

.customSectionBlock
                0x20000000        0x0 load address 0x0000816c
                0x20000000                __customSection_start__ = .
 *(.customSection)
                0x20000000                __customSection_end__ = .
                0x0000816c                __CUSTOM_END = (__CUSTOM_ROM + (__customSection_end__ - __customSection_start__))

.bss            0x20000000      0x1a4
                0x20000000                . = ALIGN (0x4)
                0x20000000                __BSS_START = .
                0x20000000                __bss_start__ = .
 *(.bss)
 *(.bss*)
 .bss.g_clockManCallbacksArr
                0x20000000        0x4 ./Generated_Code/clockMan1.o
                0x20000000                g_clockManCallbacksArr
 .bss.lpuart1_State
                0x20000004       0x34 ./Generated_Code/lpuart1.o
                0x20000004                lpuart1_State
 .bss.g_RtcClkInFreq
                0x20000038        0x4 ./SDK/platform/drivers/src/clock/S32K1xx/clock_S32K1xx.o
                0x20000038                g_RtcClkInFreq
 .bss.g_TClkFreq
                0x2000003c        0xc ./SDK/platform/drivers/src/clock/S32K1xx/clock_S32K1xx.o
                0x2000003c                g_TClkFreq
 .bss.g_clockState
                0x20000048       0x10 ./SDK/platform/drivers/src/clock/S32K1xx/clock_S32K1xx.o
 .bss.g_xtal0ClkFreq
                0x20000058        0x4 ./SDK/platform/drivers/src/clock/S32K1xx/clock_S32K1xx.o
                0x20000058                g_xtal0ClkFreq
 .bss.s_virtEdmaState
                0x2000005c        0x4 ./SDK/platform/drivers/src/edma/edma_driver.o
 .bss.g_interruptDisableCount
                0x20000060        0x4 ./SDK/platform/drivers/src/interrupt/interrupt_manager.o
 .bss.g_lpi2cMasterStatePtr
                0x20000064        0x8 ./SDK/platform/drivers/src/lpi2c/lpi2c_driver.o
 .bss.g_lpi2cSlaveStatePtr
                0x2000006c        0x8 ./SDK/platform/drivers/src/lpi2c/lpi2c_driver.o
 .bss.s_lpuartStatePtr
                0x20000074        0xc ./SDK/platform/drivers/src/lpuart/lpuart_driver.o
 .bss.Lpi2cMasterState
                0x20000080       0x3c ./SDK/platform/pal/src/i2c/i2c_pal.o
 .bss.Lpi2cStateInstanceMapping
                0x200000bc        0x4 ./SDK/platform/pal/src/i2c/i2c_pal.o
 .bss.Lpi2cStateIsAllocated
                0x200000c0        0x1 ./SDK/platform/pal/src/i2c/i2c_pal.o
 *fill*         0x200000c1        0x3 
 .bss.s_osif_tick_cnt
                0x200000c4        0x4 ./SDK/rtos/osif/osif_baremetal.o
 .bss.fac_us    0x200000c8        0x4 ./Sources/delay.o
 .bss.USART1_TX_BUF
                0x200000cc       0xc8 ./Sources/uart.o
                0x200000cc                USART1_TX_BUF
 .bss.__malloc_free_list
                0x20000194        0x4 C:/My Work Software/S32DS/build_tools/gcc_v6.3/gcc-6.3-arm32-eabi/arm-none-eabi/newlib/lib/thumb/v7e-m/fpv4-sp/hard\libc_nano.a(lib_a-nano-mallocr.o)
                0x20000194                __malloc_free_list
 .bss.__malloc_sbrk_start
                0x20000198        0x4 C:/My Work Software/S32DS/build_tools/gcc_v6.3/gcc-6.3-arm32-eabi/arm-none-eabi/newlib/lib/thumb/v7e-m/fpv4-sp/hard\libc_nano.a(lib_a-nano-mallocr.o)
                0x20000198                __malloc_sbrk_start
 .bss.heap_end.5365
                0x2000019c        0x4 C:/My Work Software/S32DS/build_tools/gcc_v6.3/gcc-6.3-arm32-eabi/arm-none-eabi/newlib/lib/thumb/v7e-m/fpv4-sp/hard\libnosys.a(sbrk.o)
 *(COMMON)
 COMMON         0x200001a0        0x4 C:/My Work Software/S32DS/build_tools/gcc_v6.3/gcc-6.3-arm32-eabi/arm-none-eabi/newlib/lib/thumb/v7e-m/fpv4-sp/hard\libc_nano.a(lib_a-reent.o)
                0x200001a0                errno
                0x200001a4                . = ALIGN (0x4)
                0x200001a4                __bss_end__ = .
                0x200001a4                __BSS_END = .

.heap           0x200001a4      0x404
                0x200001a8                . = ALIGN (0x8)
 *fill*         0x200001a4        0x4 
                0x200001a8                __end__ = .
                0x200001a8                __heap_start__ = .
                0x200001a8                PROVIDE (end, .)
                [!provide]                PROVIDE (_end, .)
                [!provide]                PROVIDE (__end, .)
                0x200001a8                __HeapBase = .
                0x200005a8                . = (. + HEAP_SIZE)
 *fill*         0x200001a8      0x400 
                0x200005a8                __HeapLimit = .
                0x200005a8                __heap_limit = .
                0x200005a8                __heap_end__ = .
                0x2001f000                __StackTop = (ORIGIN (m_data_2) + LENGTH (m_data_2))
                0x2001ec00                __StackLimit = (__StackTop - STACK_SIZE)
                0x2001f000                PROVIDE (__stack, __StackTop)
                0x2001f000                __RAM_END = __StackTop

.stack          0x2001ec00      0x400
                0x2001ec00                . = ALIGN (0x8)
                0x2001ec00                __stack_start__ = .
                0x2001f000                . = (. + STACK_SIZE)
 *fill*         0x2001ec00      0x400 
                0x2001f000                __stack_end__ = .

.ARM.attributes
                0x00000000       0x30
 *(.ARM.attributes)
 .ARM.attributes
                0x00000000       0x22 c:/my work software/s32ds/build_tools/gcc_v6.3/gcc-6.3-arm32-eabi/bin/../lib/gcc/arm-none-eabi/6.3.1/thumb/v7e-m/fpv4-sp/hard/crti.o
 .ARM.attributes
                0x00000022       0x39 ./Generated_Code/clockMan1.o
 .ARM.attributes
                0x0000005b       0x39 ./Generated_Code/i2c1.o
 .ARM.attributes
                0x00000094       0x39 ./Generated_Code/lpuart1.o
 .ARM.attributes
                0x000000cd       0x39 ./Generated_Code/pin_mux.o
 .ARM.attributes
                0x00000106       0x1f ./Project_Settings/Startup_Code/startup_S32K148.o
 .ARM.attributes
                0x00000125       0x39 ./SDK/platform/devices/S32K148/startup/system_S32K148.o
 .ARM.attributes
                0x0000015e       0x39 ./SDK/platform/devices/startup.o
 .ARM.attributes
                0x00000197       0x39 ./SDK/platform/drivers/src/clock/S32K1xx/clock_S32K1xx.o
 .ARM.attributes
                0x000001d0       0x39 ./SDK/platform/drivers/src/edma/edma_driver.o
 .ARM.attributes
                0x00000209       0x39 ./SDK/platform/drivers/src/edma/edma_hw_access.o
 .ARM.attributes
                0x00000242       0x39 ./SDK/platform/drivers/src/edma/edma_irq.o
 .ARM.attributes
                0x0000027b       0x39 ./SDK/platform/drivers/src/interrupt/interrupt_manager.o
 .ARM.attributes
                0x000002b4       0x39 ./SDK/platform/drivers/src/lpi2c/lpi2c_driver.o
 .ARM.attributes
                0x000002ed       0x39 ./SDK/platform/drivers/src/lpi2c/lpi2c_hw_access.o
 .ARM.attributes
                0x00000326       0x39 ./SDK/platform/drivers/src/lpi2c/lpi2c_irq.o
 .ARM.attributes
                0x0000035f       0x39 ./SDK/platform/drivers/src/lpuart/lpuart_driver.o
 .ARM.attributes
                0x00000398       0x39 ./SDK/platform/drivers/src/lpuart/lpuart_hw_access.o
 .ARM.attributes
                0x000003d1       0x39 ./SDK/platform/drivers/src/lpuart/lpuart_irq.o
 .ARM.attributes
                0x0000040a       0x39 ./SDK/platform/drivers/src/pins/pins_driver.o
 .ARM.attributes
                0x00000443       0x39 ./SDK/platform/drivers/src/pins/pins_port_hw_access.o
 .ARM.attributes
                0x0000047c       0x39 ./SDK/platform/pal/src/i2c/i2c_pal.o
 .ARM.attributes
                0x000004b5       0x39 ./SDK/rtos/osif/osif_baremetal.o
 .ARM.attributes
                0x000004ee       0x39 ./Sources/delay.o
 .ARM.attributes
                0x00000527       0x39 ./Sources/font.o
 .ARM.attributes
                0x00000560       0x39 ./Sources/key.o
 .ARM.attributes
                0x00000599       0x39 ./Sources/main.o
 .ARM.attributes
                0x000005d2       0x39 ./Sources/oled.o
 .ARM.attributes
                0x0000060b       0x39 ./Sources/uart.o
 .ARM.attributes
                0x00000644       0x22 c:/my work software/s32ds/build_tools/gcc_v6.3/gcc-6.3-arm32-eabi/bin/../lib/gcc/arm-none-eabi/6.3.1/thumb/v7e-m/fpv4-sp/hard\libgcc.a(_arm_addsubdf3.o)
 .ARM.attributes
                0x00000666       0x22 c:/my work software/s32ds/build_tools/gcc_v6.3/gcc-6.3-arm32-eabi/bin/../lib/gcc/arm-none-eabi/6.3.1/thumb/v7e-m/fpv4-sp/hard\libgcc.a(_arm_cmpdf2.o)
 .ARM.attributes
                0x00000688       0x34 C:/My Work Software/S32DS/build_tools/gcc_v6.3/gcc-6.3-arm32-eabi/arm-none-eabi/newlib/lib/thumb/v7e-m/fpv4-sp/hard\libc_nano.a(lib_a-impure.o)
 .ARM.attributes
                0x000006bc       0x34 C:/My Work Software/S32DS/build_tools/gcc_v6.3/gcc-6.3-arm32-eabi/arm-none-eabi/newlib/lib/thumb/v7e-m/fpv4-sp/hard\libc_nano.a(lib_a-memset.o)
 .ARM.attributes
                0x000006f0       0x34 C:/My Work Software/S32DS/build_tools/gcc_v6.3/gcc-6.3-arm32-eabi/arm-none-eabi/newlib/lib/thumb/v7e-m/fpv4-sp/hard\libc_nano.a(lib_a-nano-vfprintf_float.o)
 .ARM.attributes
                0x00000724       0x34 C:/My Work Software/S32DS/build_tools/gcc_v6.3/gcc-6.3-arm32-eabi/arm-none-eabi/newlib/lib/thumb/v7e-m/fpv4-sp/hard\libc_nano.a(lib_a-nano-vfprintf_i.o)
 .ARM.attributes
                0x00000758       0x1b C:/My Work Software/S32DS/build_tools/gcc_v6.3/gcc-6.3-arm32-eabi/arm-none-eabi/newlib/lib/thumb/v7e-m/fpv4-sp/hard\libc_nano.a(lib_a-strlen.o)
 .ARM.attributes
                0x00000773       0x34 C:/My Work Software/S32DS/build_tools/gcc_v6.3/gcc-6.3-arm32-eabi/arm-none-eabi/newlib/lib/thumb/v7e-m/fpv4-sp/hard\libc_nano.a(lib_a-vsprintf.o)
 .ARM.attributes
                0x000007a7       0x34 C:/My Work Software/S32DS/build_tools/gcc_v6.3/gcc-6.3-arm32-eabi/arm-none-eabi/newlib/lib/thumb/v7e-m/fpv4-sp/hard\libc_nano.a(lib_a-dtoa.o)
 .ARM.attributes
                0x000007db       0x34 C:/My Work Software/S32DS/build_tools/gcc_v6.3/gcc-6.3-arm32-eabi/arm-none-eabi/newlib/lib/thumb/v7e-m/fpv4-sp/hard\libc_nano.a(lib_a-localeconv.o)
 .ARM.attributes
                0x0000080f       0x34 C:/My Work Software/S32DS/build_tools/gcc_v6.3/gcc-6.3-arm32-eabi/arm-none-eabi/newlib/lib/thumb/v7e-m/fpv4-sp/hard\libc_nano.a(lib_a-locale.o)
 .ARM.attributes
                0x00000843       0x34 C:/My Work Software/S32DS/build_tools/gcc_v6.3/gcc-6.3-arm32-eabi/arm-none-eabi/newlib/lib/thumb/v7e-m/fpv4-sp/hard\libc_nano.a(lib_a-malloc.o)
 .ARM.attributes
                0x00000877       0x34 C:/My Work Software/S32DS/build_tools/gcc_v6.3/gcc-6.3-arm32-eabi/arm-none-eabi/newlib/lib/thumb/v7e-m/fpv4-sp/hard\libc_nano.a(lib_a-mbtowc_r.o)
 .ARM.attributes
                0x000008ab       0x20 C:/My Work Software/S32DS/build_tools/gcc_v6.3/gcc-6.3-arm32-eabi/arm-none-eabi/newlib/lib/thumb/v7e-m/fpv4-sp/hard\libc_nano.a(lib_a-memchr.o)
 .ARM.attributes
                0x000008cb       0x34 C:/My Work Software/S32DS/build_tools/gcc_v6.3/gcc-6.3-arm32-eabi/arm-none-eabi/newlib/lib/thumb/v7e-m/fpv4-sp/hard\libc_nano.a(lib_a-memcpy-stub.o)
 .ARM.attributes
                0x000008ff       0x34 C:/My Work Software/S32DS/build_tools/gcc_v6.3/gcc-6.3-arm32-eabi/arm-none-eabi/newlib/lib/thumb/v7e-m/fpv4-sp/hard\libc_nano.a(lib_a-mprec.o)
 .ARM.attributes
                0x00000933       0x34 C:/My Work Software/S32DS/build_tools/gcc_v6.3/gcc-6.3-arm32-eabi/arm-none-eabi/newlib/lib/thumb/v7e-m/fpv4-sp/hard\libc_nano.a(lib_a-nano-callocr.o)
 .ARM.attributes
                0x00000967       0x34 C:/My Work Software/S32DS/build_tools/gcc_v6.3/gcc-6.3-arm32-eabi/arm-none-eabi/newlib/lib/thumb/v7e-m/fpv4-sp/hard\libc_nano.a(lib_a-nano-freer.o)
 .ARM.attributes
                0x0000099b       0x34 C:/My Work Software/S32DS/build_tools/gcc_v6.3/gcc-6.3-arm32-eabi/arm-none-eabi/newlib/lib/thumb/v7e-m/fpv4-sp/hard\libc_nano.a(lib_a-nano-mallocr.o)
 .ARM.attributes
                0x000009cf       0x34 C:/My Work Software/S32DS/build_tools/gcc_v6.3/gcc-6.3-arm32-eabi/arm-none-eabi/newlib/lib/thumb/v7e-m/fpv4-sp/hard\libc_nano.a(lib_a-nano-svfprintf.o)
 .ARM.attributes
                0x00000a03       0x34 C:/My Work Software/S32DS/build_tools/gcc_v6.3/gcc-6.3-arm32-eabi/arm-none-eabi/newlib/lib/thumb/v7e-m/fpv4-sp/hard\libc_nano.a(lib_a-sbrkr.o)
 .ARM.attributes
                0x00000a37       0x34 C:/My Work Software/S32DS/build_tools/gcc_v6.3/gcc-6.3-arm32-eabi/arm-none-eabi/newlib/lib/thumb/v7e-m/fpv4-sp/hard\libc_nano.a(lib_a-wctomb_r.o)
 .ARM.attributes
                0x00000a6b       0x34 C:/My Work Software/S32DS/build_tools/gcc_v6.3/gcc-6.3-arm32-eabi/arm-none-eabi/newlib/lib/thumb/v7e-m/fpv4-sp/hard\libc_nano.a(lib_a-ctype_.o)
 .ARM.attributes
                0x00000a9f       0x34 C:/My Work Software/S32DS/build_tools/gcc_v6.3/gcc-6.3-arm32-eabi/arm-none-eabi/newlib/lib/thumb/v7e-m/fpv4-sp/hard\libc_nano.a(lib_a-memmove.o)
 .ARM.attributes
                0x00000ad3       0x34 C:/My Work Software/S32DS/build_tools/gcc_v6.3/gcc-6.3-arm32-eabi/arm-none-eabi/newlib/lib/thumb/v7e-m/fpv4-sp/hard\libc_nano.a(lib_a-mlock.o)
 .ARM.attributes
                0x00000b07       0x34 C:/My Work Software/S32DS/build_tools/gcc_v6.3/gcc-6.3-arm32-eabi/arm-none-eabi/newlib/lib/thumb/v7e-m/fpv4-sp/hard\libc_nano.a(lib_a-nano-reallocr.o)
 .ARM.attributes
                0x00000b3b       0x34 C:/My Work Software/S32DS/build_tools/gcc_v6.3/gcc-6.3-arm32-eabi/arm-none-eabi/newlib/lib/thumb/v7e-m/fpv4-sp/hard\libc_nano.a(lib_a-reent.o)
 .ARM.attributes
                0x00000b6f       0x34 C:/My Work Software/S32DS/build_tools/gcc_v6.3/gcc-6.3-arm32-eabi/arm-none-eabi/newlib/lib/thumb/v7e-m/fpv4-sp/hard\libc_nano.a(lib_a-nano-msizer.o)
 .ARM.attributes
                0x00000ba3       0x22 c:/my work software/s32ds/build_tools/gcc_v6.3/gcc-6.3-arm32-eabi/bin/../lib/gcc/arm-none-eabi/6.3.1/thumb/v7e-m/fpv4-sp/hard\libgcc.a(_arm_muldivdf3.o)
 .ARM.attributes
                0x00000bc5       0x22 c:/my work software/s32ds/build_tools/gcc_v6.3/gcc-6.3-arm32-eabi/bin/../lib/gcc/arm-none-eabi/6.3.1/thumb/v7e-m/fpv4-sp/hard\libgcc.a(_arm_unorddf2.o)
 .ARM.attributes
                0x00000be7       0x22 c:/my work software/s32ds/build_tools/gcc_v6.3/gcc-6.3-arm32-eabi/bin/../lib/gcc/arm-none-eabi/6.3.1/thumb/v7e-m/fpv4-sp/hard\libgcc.a(_arm_fixdfsi.o)
 .ARM.attributes
                0x00000c09       0x34 C:/My Work Software/S32DS/build_tools/gcc_v6.3/gcc-6.3-arm32-eabi/arm-none-eabi/newlib/lib/thumb/v7e-m/fpv4-sp/hard\libnosys.a(sbrk.o)
                0x00000001                ASSERT ((__StackLimit >= __HeapLimit), region m_data_2 overflowed with stack and heap)
OUTPUT(S32K148_DEMO_BASE_Q144.elf elf32-littlearm)

.debug_info     0x00000000    0x2b554
 .debug_info    0x00000000     0x1ee2 ./Generated_Code/clockMan1.o
 .debug_info    0x00001ee2     0x1dba ./Generated_Code/i2c1.o
 .debug_info    0x00003c9c     0x1dba ./Generated_Code/lpuart1.o
 .debug_info    0x00005a56      0x406 ./Generated_Code/pin_mux.o
 .debug_info    0x00005e5c       0x26 ./Project_Settings/Startup_Code/startup_S32K148.o
 .debug_info    0x00005e82      0x65f ./SDK/platform/devices/S32K148/startup/system_S32K148.o
 .debug_info    0x000064e1      0x2ad ./SDK/platform/devices/startup.o
 .debug_info    0x0000678e     0x62f8 ./SDK/platform/drivers/src/clock/S32K1xx/clock_S32K1xx.o
 .debug_info    0x0000ca86     0x389d ./SDK/platform/drivers/src/edma/edma_driver.o
 .debug_info    0x00010323      0x960 ./SDK/platform/drivers/src/edma/edma_hw_access.o
 .debug_info    0x00010c83      0x6db ./SDK/platform/drivers/src/edma/edma_irq.o
 .debug_info    0x0001135e      0x9a6 ./SDK/platform/drivers/src/interrupt/interrupt_manager.o
 .debug_info    0x00011d04     0x5805 ./SDK/platform/drivers/src/lpi2c/lpi2c_driver.o
 .debug_info    0x00017509      0x433 ./SDK/platform/drivers/src/lpi2c/lpi2c_hw_access.o
 .debug_info    0x0001793c      0x126 ./SDK/platform/drivers/src/lpi2c/lpi2c_irq.o
 .debug_info    0x00017a62     0x3137 ./SDK/platform/drivers/src/lpuart/lpuart_driver.o
 .debug_info    0x0001ab99      0x96c ./SDK/platform/drivers/src/lpuart/lpuart_hw_access.o
 .debug_info    0x0001b505      0x127 ./SDK/platform/drivers/src/lpuart/lpuart_irq.o
 .debug_info    0x0001b62c     0x13d8 ./SDK/platform/drivers/src/pins/pins_driver.o
 .debug_info    0x0001ca04      0x8a8 ./SDK/platform/drivers/src/pins/pins_port_hw_access.o
 .debug_info    0x0001d2ac     0x15c3 ./SDK/platform/pal/src/i2c/i2c_pal.o
 .debug_info    0x0001e86f      0xb04 ./SDK/rtos/osif/osif_baremetal.o
 .debug_info    0x0001f373     0x1f4f ./Sources/delay.o
 .debug_info    0x000212c2       0xb7 ./Sources/font.o
 .debug_info    0x00021379     0x26e7 ./Sources/key.o
 .debug_info    0x00023a60     0x2859 ./Sources/main.o
 .debug_info    0x000262b9     0x2bc3 ./Sources/oled.o
 .debug_info    0x00028e7c     0x26d8 ./Sources/uart.o

.debug_abbrev   0x00000000     0x3604
 .debug_abbrev  0x00000000      0x143 ./Generated_Code/clockMan1.o
 .debug_abbrev  0x00000143      0x136 ./Generated_Code/i2c1.o
 .debug_abbrev  0x00000279      0x136 ./Generated_Code/lpuart1.o
 .debug_abbrev  0x000003af       0xca ./Generated_Code/pin_mux.o
 .debug_abbrev  0x00000479       0x14 ./Project_Settings/Startup_Code/startup_S32K148.o
 .debug_abbrev  0x0000048d      0x140 ./SDK/platform/devices/S32K148/startup/system_S32K148.o
 .debug_abbrev  0x000005cd       0xe0 ./SDK/platform/devices/startup.o
 .debug_abbrev  0x000006ad      0x3f2 ./SDK/platform/drivers/src/clock/S32K1xx/clock_S32K1xx.o
 .debug_abbrev  0x00000a9f      0x422 ./SDK/platform/drivers/src/edma/edma_driver.o
 .debug_abbrev  0x00000ec1      0x205 ./SDK/platform/drivers/src/edma/edma_hw_access.o
 .debug_abbrev  0x000010c6      0x1b8 ./SDK/platform/drivers/src/edma/edma_irq.o
 .debug_abbrev  0x0000127e      0x1ce ./SDK/platform/drivers/src/interrupt/interrupt_manager.o
 .debug_abbrev  0x0000144c      0x40e ./SDK/platform/drivers/src/lpi2c/lpi2c_driver.o
 .debug_abbrev  0x0000185a      0x161 ./SDK/platform/drivers/src/lpi2c/lpi2c_hw_access.o
 .debug_abbrev  0x000019bb       0x6c ./SDK/platform/drivers/src/lpi2c/lpi2c_irq.o
 .debug_abbrev  0x00001a27      0x3a4 ./SDK/platform/drivers/src/lpuart/lpuart_driver.o
 .debug_abbrev  0x00001dcb      0x1d0 ./SDK/platform/drivers/src/lpuart/lpuart_hw_access.o
 .debug_abbrev  0x00001f9b       0xb9 ./SDK/platform/drivers/src/lpuart/lpuart_irq.o
 .debug_abbrev  0x00002054      0x2db ./SDK/platform/drivers/src/pins/pins_driver.o
 .debug_abbrev  0x0000232f      0x1f5 ./SDK/platform/drivers/src/pins/pins_port_hw_access.o
 .debug_abbrev  0x00002524      0x24c ./SDK/platform/pal/src/i2c/i2c_pal.o
 .debug_abbrev  0x00002770      0x2c6 ./SDK/rtos/osif/osif_baremetal.o
 .debug_abbrev  0x00002a36      0x227 ./Sources/delay.o
 .debug_abbrev  0x00002c5d       0x68 ./Sources/font.o
 .debug_abbrev  0x00002cc5      0x222 ./Sources/key.o
 .debug_abbrev  0x00002ee7      0x22f ./Sources/main.o
 .debug_abbrev  0x00003116      0x29c ./Sources/oled.o
 .debug_abbrev  0x000033b2      0x252 ./Sources/uart.o

.debug_aranges  0x00000000      0xc00
 .debug_aranges
                0x00000000       0x18 ./Generated_Code/clockMan1.o
 .debug_aranges
                0x00000018       0x18 ./Generated_Code/i2c1.o
 .debug_aranges
                0x00000030       0x18 ./Generated_Code/lpuart1.o
 .debug_aranges
                0x00000048       0x18 ./Generated_Code/pin_mux.o
 .debug_aranges
                0x00000060       0x20 ./Project_Settings/Startup_Code/startup_S32K148.o
 .debug_aranges
                0x00000080       0x30 ./SDK/platform/devices/S32K148/startup/system_S32K148.o
 .debug_aranges
                0x000000b0       0x20 ./SDK/platform/devices/startup.o
 .debug_aranges
                0x000000d0      0x130 ./SDK/platform/drivers/src/clock/S32K1xx/clock_S32K1xx.o
 .debug_aranges
                0x00000200      0x138 ./SDK/platform/drivers/src/edma/edma_driver.o
 .debug_aranges
                0x00000338       0x88 ./SDK/platform/drivers/src/edma/edma_hw_access.o
 .debug_aranges
                0x000003c0       0xa0 ./SDK/platform/drivers/src/edma/edma_irq.o
 .debug_aranges
                0x00000460       0x70 ./SDK/platform/drivers/src/interrupt/interrupt_manager.o
 .debug_aranges
                0x000004d0      0x140 ./SDK/platform/drivers/src/lpi2c/lpi2c_driver.o
 .debug_aranges
                0x00000610       0x20 ./SDK/platform/drivers/src/lpi2c/lpi2c_hw_access.o
 .debug_aranges
                0x00000630       0x38 ./SDK/platform/drivers/src/lpi2c/lpi2c_irq.o
 .debug_aranges
                0x00000668      0x118 ./SDK/platform/drivers/src/lpuart/lpuart_driver.o
 .debug_aranges
                0x00000780       0x78 ./SDK/platform/drivers/src/lpuart/lpuart_hw_access.o
 .debug_aranges
                0x000007f8       0x30 ./SDK/platform/drivers/src/lpuart/lpuart_irq.o
 .debug_aranges
                0x00000828       0xe0 ./SDK/platform/drivers/src/pins/pins_driver.o
 .debug_aranges
                0x00000908       0x40 ./SDK/platform/drivers/src/pins/pins_port_hw_access.o
 .debug_aranges
                0x00000948       0xd0 ./SDK/platform/pal/src/i2c/i2c_pal.o
 .debug_aranges
                0x00000a18       0x70 ./SDK/rtos/osif/osif_baremetal.o
 .debug_aranges
                0x00000a88       0x48 ./Sources/delay.o
 .debug_aranges
                0x00000ad0       0x18 ./Sources/font.o
 .debug_aranges
                0x00000ae8       0x20 ./Sources/key.o
 .debug_aranges
                0x00000b08       0x20 ./Sources/main.o
 .debug_aranges
                0x00000b28       0xb8 ./Sources/oled.o
 .debug_aranges
                0x00000be0       0x20 ./Sources/uart.o

.debug_line     0x00000000     0x8db3
 .debug_line    0x00000000      0x4cd ./Generated_Code/clockMan1.o
 .debug_line    0x000004cd      0x4c8 ./Generated_Code/i2c1.o
 .debug_line    0x00000995      0x4cb ./Generated_Code/lpuart1.o
 .debug_line    0x00000e60      0x20c ./Generated_Code/pin_mux.o
 .debug_line    0x0000106c       0x84 ./Project_Settings/Startup_Code/startup_S32K148.o
 .debug_line    0x000010f0      0x216 ./SDK/platform/devices/S32K148/startup/system_S32K148.o
 .debug_line    0x00001306      0x173 ./SDK/platform/devices/startup.o
 .debug_line    0x00001479     0x1262 ./SDK/platform/drivers/src/clock/S32K1xx/clock_S32K1xx.o
 .debug_line    0x000026db      0x909 ./SDK/platform/drivers/src/edma/edma_driver.o
 .debug_line    0x00002fe4      0x3a1 ./SDK/platform/drivers/src/edma/edma_hw_access.o
 .debug_line    0x00003385      0x2f7 ./SDK/platform/drivers/src/edma/edma_irq.o
 .debug_line    0x0000367c      0x33b ./SDK/platform/drivers/src/interrupt/interrupt_manager.o
 .debug_line    0x000039b7      0xea1 ./SDK/platform/drivers/src/lpi2c/lpi2c_driver.o
 .debug_line    0x00004858      0x1e1 ./SDK/platform/drivers/src/lpi2c/lpi2c_hw_access.o
 .debug_line    0x00004a39      0x102 ./SDK/platform/drivers/src/lpi2c/lpi2c_irq.o
 .debug_line    0x00004b3b      0xa13 ./SDK/platform/drivers/src/lpuart/lpuart_driver.o
 .debug_line    0x0000554e      0x414 ./SDK/platform/drivers/src/lpuart/lpuart_hw_access.o
 .debug_line    0x00005962      0x105 ./SDK/platform/drivers/src/lpuart/lpuart_irq.o
 .debug_line    0x00005a67      0x50b ./SDK/platform/drivers/src/pins/pins_driver.o
 .debug_line    0x00005f72      0x31d ./SDK/platform/drivers/src/pins/pins_port_hw_access.o
 .debug_line    0x0000628f      0x56e ./SDK/platform/pal/src/i2c/i2c_pal.o
 .debug_line    0x000067fd      0x448 ./SDK/rtos/osif/osif_baremetal.o
 .debug_line    0x00006c45      0x591 ./Sources/delay.o
 .debug_line    0x000071d6       0x89 ./Sources/font.o
 .debug_line    0x0000725f      0x64d ./Sources/key.o
 .debug_line    0x000078ac      0x64f ./Sources/main.o
 .debug_line    0x00007efb      0x86c ./Sources/oled.o
 .debug_line    0x00008767      0x64c ./Sources/uart.o

.debug_str      0x00000000     0xa59e
 .debug_str     0x00000000     0x3584 ./Generated_Code/clockMan1.o
                               0x363c (size before relaxing)
 .debug_str     0x00003584       0x19 ./Generated_Code/i2c1.o
                               0x319f (size before relaxing)
 .debug_str     0x0000359d       0x1c ./Generated_Code/lpuart1.o
                               0x31a2 (size before relaxing)
 .debug_str     0x000035b9       0x1c ./Generated_Code/pin_mux.o
                                0x609 (size before relaxing)
 .debug_str     0x000035d5       0x3f ./Project_Settings/Startup_Code/startup_S32K148.o
                                 0x90 (size before relaxing)
 .debug_str     0x00003614      0x217 ./SDK/platform/devices/S32K148/startup/system_S32K148.o
                                0x47f (size before relaxing)
 .debug_str     0x0000382b      0x20c ./SDK/platform/devices/startup.o
                                0x439 (size before relaxing)
 .debug_str     0x00003a37     0x17a9 ./SDK/platform/drivers/src/clock/S32K1xx/clock_S32K1xx.o
                               0x3d22 (size before relaxing)
 .debug_str     0x000051e0     0x19d9 ./SDK/platform/drivers/src/edma/edma_driver.o
                               0x2dd3 (size before relaxing)
 .debug_str     0x00006bb9       0x46 ./SDK/platform/drivers/src/edma/edma_hw_access.o
                                0x7fb (size before relaxing)
 .debug_str     0x00006bff      0x162 ./SDK/platform/drivers/src/edma/edma_irq.o
                                0x510 (size before relaxing)
 .debug_str     0x00006d61      0x156 ./SDK/platform/drivers/src/interrupt/interrupt_manager.o
                                0xd2d (size before relaxing)
 .debug_str     0x00006eb7     0x173d ./SDK/platform/drivers/src/lpi2c/lpi2c_driver.o
                               0x3875 (size before relaxing)
 .debug_str     0x000085f4       0x6f ./SDK/platform/drivers/src/lpi2c/lpi2c_hw_access.o
                                0x3df (size before relaxing)
 .debug_str     0x00008663       0x90 ./SDK/platform/drivers/src/lpi2c/lpi2c_irq.o
                                0x2d2 (size before relaxing)
 .debug_str     0x000086f3      0xa9f ./SDK/platform/drivers/src/lpuart/lpuart_driver.o
                               0x2899 (size before relaxing)
 .debug_str     0x00009192       0xc4 ./SDK/platform/drivers/src/lpuart/lpuart_hw_access.o
                               0x108e (size before relaxing)
 .debug_str     0x00009256       0x69 ./SDK/platform/drivers/src/lpuart/lpuart_irq.o
                                0x298 (size before relaxing)
 .debug_str     0x000092bf      0x5e6 ./SDK/platform/drivers/src/pins/pins_driver.o
                               0x1455 (size before relaxing)
 .debug_str     0x000098a5      0x19d ./SDK/platform/drivers/src/pins/pins_port_hw_access.o
                                0x93d (size before relaxing)
 .debug_str     0x00009a42      0x2fa ./SDK/platform/pal/src/i2c/i2c_pal.o
                               0x15d5 (size before relaxing)
 .debug_str     0x00009d3c      0x192 ./SDK/rtos/osif/osif_baremetal.o
                               0x11d8 (size before relaxing)
 .debug_str     0x00009ece       0x79 ./Sources/delay.o
                               0x3238 (size before relaxing)
 .debug_str     0x00009f47       0x1d ./Sources/font.o
                                0x1b3 (size before relaxing)
 .debug_str     0x00009f64      0x405 ./Sources/key.o
                               0x35e8 (size before relaxing)
 .debug_str     0x0000a369       0x6e ./Sources/main.o
                               0x368c (size before relaxing)
 .debug_str     0x0000a3d7      0x179 ./Sources/oled.o
                               0x339d (size before relaxing)
 .debug_str     0x0000a550       0x4e ./Sources/uart.o
                               0x3647 (size before relaxing)

.comment        0x00000000       0xa0
 .comment       0x00000000       0xa0 ./Generated_Code/clockMan1.o
                                 0xa1 (size before relaxing)
 .comment       0x000000a0       0xa1 ./Generated_Code/i2c1.o
 .comment       0x000000a0       0xa1 ./Generated_Code/lpuart1.o
 .comment       0x000000a0       0xa1 ./Generated_Code/pin_mux.o
 .comment       0x000000a0       0xa1 ./SDK/platform/devices/S32K148/startup/system_S32K148.o
 .comment       0x000000a0       0xa1 ./SDK/platform/devices/startup.o
 .comment       0x000000a0       0xa1 ./SDK/platform/drivers/src/clock/S32K1xx/clock_S32K1xx.o
 .comment       0x000000a0       0xa1 ./SDK/platform/drivers/src/edma/edma_driver.o
 .comment       0x000000a0       0xa1 ./SDK/platform/drivers/src/edma/edma_hw_access.o
 .comment       0x000000a0       0xa1 ./SDK/platform/drivers/src/edma/edma_irq.o
 .comment       0x000000a0       0xa1 ./SDK/platform/drivers/src/interrupt/interrupt_manager.o
 .comment       0x000000a0       0xa1 ./SDK/platform/drivers/src/lpi2c/lpi2c_driver.o
 .comment       0x000000a0       0xa1 ./SDK/platform/drivers/src/lpi2c/lpi2c_hw_access.o
 .comment       0x000000a0       0xa1 ./SDK/platform/drivers/src/lpi2c/lpi2c_irq.o
 .comment       0x000000a0       0xa1 ./SDK/platform/drivers/src/lpuart/lpuart_driver.o
 .comment       0x000000a0       0xa1 ./SDK/platform/drivers/src/lpuart/lpuart_hw_access.o
 .comment       0x000000a0       0xa1 ./SDK/platform/drivers/src/lpuart/lpuart_irq.o
 .comment       0x000000a0       0xa1 ./SDK/platform/drivers/src/pins/pins_driver.o
 .comment       0x000000a0       0xa1 ./SDK/platform/drivers/src/pins/pins_port_hw_access.o
 .comment       0x000000a0       0xa1 ./SDK/platform/pal/src/i2c/i2c_pal.o
 .comment       0x000000a0       0xa1 ./SDK/rtos/osif/osif_baremetal.o
 .comment       0x000000a0       0xa1 ./Sources/delay.o
 .comment       0x000000a0       0xa1 ./Sources/font.o
 .comment       0x000000a0       0xa1 ./Sources/key.o
 .comment       0x000000a0       0xa1 ./Sources/main.o
 .comment       0x000000a0       0xa1 ./Sources/oled.o
 .comment       0x000000a0       0xa1 ./Sources/uart.o

.debug_loc      0x00000000    0x11cf8
 .debug_loc     0x00000000       0xeb ./SDK/platform/devices/S32K148/startup/system_S32K148.o
 .debug_loc     0x000000eb       0xec ./SDK/platform/devices/startup.o
 .debug_loc     0x000001d7     0x54cf ./SDK/platform/drivers/src/clock/S32K1xx/clock_S32K1xx.o
 .debug_loc     0x000056a6     0x283c ./SDK/platform/drivers/src/edma/edma_driver.o
 .debug_loc     0x00007ee2      0x6fa ./SDK/platform/drivers/src/edma/edma_hw_access.o
 .debug_loc     0x000085dc       0x50 ./SDK/platform/drivers/src/edma/edma_irq.o
 .debug_loc     0x0000862c      0x29b ./SDK/platform/drivers/src/interrupt/interrupt_manager.o
 .debug_loc     0x000088c7     0x3db9 ./SDK/platform/drivers/src/lpi2c/lpi2c_driver.o
 .debug_loc     0x0000c680       0x94 ./SDK/platform/drivers/src/lpi2c/lpi2c_hw_access.o
 .debug_loc     0x0000c714     0x2126 ./SDK/platform/drivers/src/lpuart/lpuart_driver.o
 .debug_loc     0x0000e83a      0x712 ./SDK/platform/drivers/src/lpuart/lpuart_hw_access.o
 .debug_loc     0x0000ef4c      0x77f ./SDK/platform/drivers/src/pins/pins_driver.o
 .debug_loc     0x0000f6cb      0x56a ./SDK/platform/drivers/src/pins/pins_port_hw_access.o
 .debug_loc     0x0000fc35     0x108a ./SDK/platform/pal/src/i2c/i2c_pal.o
 .debug_loc     0x00010cbf      0x275 ./SDK/rtos/osif/osif_baremetal.o
 .debug_loc     0x00010f34       0xc5 ./Sources/delay.o
 .debug_loc     0x00010ff9       0x3a ./Sources/key.o
 .debug_loc     0x00011033       0x52 ./Sources/main.o
 .debug_loc     0x00011085      0xc73 ./Sources/oled.o

.debug_ranges   0x00000000      0xff0
 .debug_ranges  0x00000000       0x20 ./SDK/platform/devices/S32K148/startup/system_S32K148.o
 .debug_ranges  0x00000020       0x10 ./SDK/platform/devices/startup.o
 .debug_ranges  0x00000030      0x3b8 ./SDK/platform/drivers/src/clock/S32K1xx/clock_S32K1xx.o
 .debug_ranges  0x000003e8      0x158 ./SDK/platform/drivers/src/edma/edma_driver.o
 .debug_ranges  0x00000540       0x90 ./SDK/platform/drivers/src/edma/edma_hw_access.o
 .debug_ranges  0x000005d0       0x90 ./SDK/platform/drivers/src/edma/edma_irq.o
 .debug_ranges  0x00000660       0x98 ./SDK/platform/drivers/src/interrupt/interrupt_manager.o
 .debug_ranges  0x000006f8      0x2f8 ./SDK/platform/drivers/src/lpi2c/lpi2c_driver.o
 .debug_ranges  0x000009f0       0x10 ./SDK/platform/drivers/src/lpi2c/lpi2c_hw_access.o
 .debug_ranges  0x00000a00       0x28 ./SDK/platform/drivers/src/lpi2c/lpi2c_irq.o
 .debug_ranges  0x00000a28      0x150 ./SDK/platform/drivers/src/lpuart/lpuart_driver.o
 .debug_ranges  0x00000b78       0x68 ./SDK/platform/drivers/src/lpuart/lpuart_hw_access.o
 .debug_ranges  0x00000be0       0x20 ./SDK/platform/drivers/src/lpuart/lpuart_irq.o
 .debug_ranges  0x00000c00       0xd0 ./SDK/platform/drivers/src/pins/pins_driver.o
 .debug_ranges  0x00000cd0       0x30 ./SDK/platform/drivers/src/pins/pins_port_hw_access.o
 .debug_ranges  0x00000d00      0x150 ./SDK/platform/pal/src/i2c/i2c_pal.o
 .debug_ranges  0x00000e50       0x90 ./SDK/rtos/osif/osif_baremetal.o
 .debug_ranges  0x00000ee0       0x38 ./Sources/delay.o
 .debug_ranges  0x00000f18       0x10 ./Sources/key.o
 .debug_ranges  0x00000f28       0x10 ./Sources/main.o
 .debug_ranges  0x00000f38       0xa8 ./Sources/oled.o
 .debug_ranges  0x00000fe0       0x10 ./Sources/uart.o

.debug_frame    0x00000000     0x28a8
 .debug_frame   0x00000000       0x40 ./SDK/platform/devices/S32K148/startup/system_S32K148.o
 .debug_frame   0x00000040       0x2c ./SDK/platform/devices/startup.o
 .debug_frame   0x0000006c      0x3ac ./SDK/platform/drivers/src/clock/S32K1xx/clock_S32K1xx.o
 .debug_frame   0x00000418      0x388 ./SDK/platform/drivers/src/edma/edma_driver.o
 .debug_frame   0x000007a0      0x144 ./SDK/platform/drivers/src/edma/edma_hw_access.o
 .debug_frame   0x000008e4      0x1ac ./SDK/platform/drivers/src/edma/edma_irq.o
 .debug_frame   0x00000a90       0xd8 ./SDK/platform/drivers/src/interrupt/interrupt_manager.o
 .debug_frame   0x00000b68      0x42c ./SDK/platform/drivers/src/lpi2c/lpi2c_driver.o
 .debug_frame   0x00000f94       0x20 ./SDK/platform/drivers/src/lpi2c/lpi2c_hw_access.o
 .debug_frame   0x00000fb4       0x70 ./SDK/platform/drivers/src/lpi2c/lpi2c_irq.o